Component: Arm Compiler for Embedded 6.21 Tool: armlink [5ec1fa00]

==============================================================================

Section Cross References

    startup_stm32h750xx.o(RESET) refers to startup_stm32h750xx.o(STACK) for __initial_sp
    startup_stm32h750xx.o(RESET) refers to startup_stm32h750xx.o(.text) for Reset_Handler
    startup_stm32h750xx.o(RESET) refers to stm32h7xx_it.o(.text.NMI_Handler) for NMI_Handler
    startup_stm32h750xx.o(RESET) refers to stm32h7xx_it.o(.text.HardFault_Handler) for HardFault_Handler
    startup_stm32h750xx.o(RESET) refers to stm32h7xx_it.o(.text.MemManage_Handler) for MemManage_Handler
    startup_stm32h750xx.o(RESET) refers to stm32h7xx_it.o(.text.BusFault_Handler) for BusFault_Handler
    startup_stm32h750xx.o(RESET) refers to stm32h7xx_it.o(.text.UsageFault_Handler) for UsageFault_Handler
    startup_stm32h750xx.o(RESET) refers to stm32h7xx_it.o(.text.SVC_Handler) for SVC_Handler
    startup_stm32h750xx.o(RESET) refers to stm32h7xx_it.o(.text.DebugMon_Handler) for DebugMon_Handler
    startup_stm32h750xx.o(RESET) refers to stm32h7xx_it.o(.text.PendSV_Handler) for PendSV_Handler
    startup_stm32h750xx.o(RESET) refers to stm32h7xx_it.o(.text.SysTick_Handler) for SysTick_Handler
    startup_stm32h750xx.o(RESET) refers to stm32h7xx_it.o(.text.DMA1_Stream0_IRQHandler) for DMA1_Stream0_IRQHandler
    startup_stm32h750xx.o(RESET) refers to stm32h7xx_it.o(.text.DMA1_Stream1_IRQHandler) for DMA1_Stream1_IRQHandler
    startup_stm32h750xx.o(RESET) refers to stm32h7xx_it.o(.text.DMA1_Stream2_IRQHandler) for DMA1_Stream2_IRQHandler
    startup_stm32h750xx.o(RESET) refers to stm32h7xx_it.o(.text.DMA1_Stream3_IRQHandler) for DMA1_Stream3_IRQHandler
    startup_stm32h750xx.o(RESET) refers to stm32h7xx_it.o(.text.ADC_IRQHandler) for ADC_IRQHandler
    startup_stm32h750xx.o(RESET) refers to stm32h7xx_it.o(.text.EXTI9_5_IRQHandler) for EXTI9_5_IRQHandler
    startup_stm32h750xx.o(RESET) refers to stm32h7xx_it.o(.text.TIM3_IRQHandler) for TIM3_IRQHandler
    startup_stm32h750xx.o(RESET) refers to stm32h7xx_it.o(.text.USART1_IRQHandler) for USART1_IRQHandler
    startup_stm32h750xx.o(RESET) refers to stm32h7xx_it.o(.text.USART3_IRQHandler) for USART3_IRQHandler
    startup_stm32h750xx.o(RESET) refers to stm32h7xx_it.o(.text.TIM7_IRQHandler) for TIM7_IRQHandler
    startup_stm32h750xx.o(.text) refers to system_stm32h7xx.o(.text.ExitRun0Mode) for ExitRun0Mode
    startup_stm32h750xx.o(.text) refers to system_stm32h7xx.o(.text.SystemInit) for SystemInit
    startup_stm32h750xx.o(.text) refers to entry.o(.ARM.Collect$$$$00000000) for __main
    main.o(.text.fputc) refers to usart.o(.bss.huart1) for huart1
    main.o(.text.fputc) refers to stm32h7xx_hal_uart.o(.text.HAL_UART_Transmit) for HAL_UART_Transmit
    main.o(.ARM.exidx.text.fputc) refers to main.o(.text.fputc) for [Anonymous Symbol]
    main.o(.text.fgetc) refers to usart.o(.bss.huart1) for huart1
    main.o(.text.fgetc) refers to stm32h7xx_hal_uart.o(.text.HAL_UART_Receive) for HAL_UART_Receive
    main.o(.ARM.exidx.text.fgetc) refers to main.o(.text.fgetc) for [Anonymous Symbol]
    main.o(.text.genarate_windowing) refers to main.o(.bss.windowing) for windowing
    main.o(.text.genarate_windowing) refers to main.o(.data..L_MergedGlobals) for .L_MergedGlobals
    main.o(.text.genarate_windowing) refers to cosf.o(i.__hardfp_cosf) for __hardfp_cosf
    main.o(.ARM.exidx.text.genarate_windowing) refers to main.o(.text.genarate_windowing) for [Anonymous Symbol]
    main.o(.ARM.exidx.text.find_first_peak) refers to main.o(.text.find_first_peak) for [Anonymous Symbol]
    main.o(.text.ImprovedFFT_EnergyCentroid) refers to main.o(.bss.ImprovedFFT_EnergyCentroid.rect_fft) for ImprovedFFT_EnergyCentroid.rect_fft
    main.o(.text.ImprovedFFT_EnergyCentroid) refers to main.o(.bss.fft_input) for fft_input
    main.o(.text.ImprovedFFT_EnergyCentroid) refers to fastmathfunctions.o(.text.arm_cos_f32) for arm_cos_f32
    main.o(.text.ImprovedFFT_EnergyCentroid) refers to transformfunctions.o(.text.arm_cfft_init_f32) for arm_cfft_init_f32
    main.o(.text.ImprovedFFT_EnergyCentroid) refers to transformfunctions.o(.text.arm_cfft_f32) for arm_cfft_f32
    main.o(.text.ImprovedFFT_EnergyCentroid) refers to main.o(.bss.power_spectrum) for power_spectrum
    main.o(.ARM.exidx.text.ImprovedFFT_EnergyCentroid) refers to main.o(.text.ImprovedFFT_EnergyCentroid) for [Anonymous Symbol]
    main.o(.text.HAL_ADC_ConvCpltCallback) refers to adc.o(.bss.hadc1) for hadc1
    main.o(.text.HAL_ADC_ConvCpltCallback) refers to stm32h7xx_hal_adc.o(.text.HAL_ADC_Stop_DMA) for HAL_ADC_Stop_DMA
    main.o(.text.HAL_ADC_ConvCpltCallback) refers to main.o(.bss..L_MergedGlobals.1) for .L_MergedGlobals.1
    main.o(.ARM.exidx.text.HAL_ADC_ConvCpltCallback) refers to main.o(.text.HAL_ADC_ConvCpltCallback) for [Anonymous Symbol]
    main.o(.text.HAL_GPIO_EXTI_Callback) refers to tim.o(.bss.htim7) for htim7
[...]
    [Anonymous Symbol]                       0x080065c0   Section        0  stm32h7xx_hal_uart_ex.o(.text.HAL_UARTEx_SetRxFifoThreshold)
    [Anonymous Symbol]                       0x08006650   Section        0  stm32h7xx_hal_uart_ex.o(.text.HAL_UARTEx_SetTxFifoThreshold)
    [Anonymous Symbol]                       0x080066e0   Section        0  stm32h7xx_hal_uart_ex.o(.text.HAL_UARTEx_TxFifoEmptyCallback)
    [Anonymous Symbol]                       0x080066e8   Section        0  stm32h7xx_hal_uart_ex.o(.text.HAL_UARTEx_WakeupCallback)
    [Anonymous Symbol]                       0x080066f0   Section        0  stm32h7xx_hal_uart.o(.text.HAL_UART_ErrorCallback)
    [Anonymous Symbol]                       0x080066f8   Section        0  stm32h7xx_hal_uart.o(.text.HAL_UART_IRQHandler)
    [Anonymous Symbol]                       0x08006e70   Section        0  stm32h7xx_hal_uart.o(.text.HAL_UART_Init)
    [Anonymous Symbol]                       0x08006ed8   Section        0  usart.o(.text.HAL_UART_MspInit)
    [Anonymous Symbol]                       0x080070d8   Section        0  stm32h7xx_hal_uart.o(.text.HAL_UART_Transmit)
    [Anonymous Symbol]                       0x08007270   Section        0  stm32h7xx_hal_uart.o(.text.HAL_UART_TxCpltCallback)
    [Anonymous Symbol]                       0x08007278   Section        0  stm32h7xx_it.o(.text.HardFault_Handler)
    [Anonymous Symbol]                       0x08007280   Section        0  adc.o(.text.MX_ADC1_Init)
    [Anonymous Symbol]                       0x08007330   Section        0  dma.o(.text.MX_DMA_Init)
    [Anonymous Symbol]                       0x08007398   Section        0  gpio.o(.text.MX_GPIO_Init)
    [Anonymous Symbol]                       0x08007458   Section        0  i2c.o(.text.MX_I2C1_Init)
    [Anonymous Symbol]                       0x080074c8   Section        0  tim.o(.text.MX_TIM2_Init)
    [Anonymous Symbol]                       0x08007578   Section        0  tim.o(.text.MX_TIM3_Init)
    [Anonymous Symbol]                       0x080075f0   Section        0  tim.o(.text.MX_TIM7_Init)
    [Anonymous Symbol]                       0x08007640   Section        0  usart.o(.text.MX_USART1_UART_Init)
    [Anonymous Symbol]                       0x080076c0   Section        0  usart.o(.text.MX_USART3_UART_Init)
    [Anonymous Symbol]                       0x08007740   Section        0  stm32h7xx_it.o(.text.MemManage_Handler)
    [Anonymous Symbol]                       0x08007748   Section        0  stm32h7xx_it.o(.text.NMI_Handler)
    [Anonymous Symbol]                       0x08007750   Section        0  stm32h7xx_it.o(.text.PendSV_Handler)
    RCCEx_PLL2_Config                        0x08007759   Thumb Code   290  stm32h7xx_hal_rcc_ex.o(.text.RCCEx_PLL2_Config)
    [Anonymous Symbol]                       0x08007758   Section        0  stm32h7xx_hal_rcc_ex.o(.text.RCCEx_PLL2_Config)
    RCCEx_PLL3_Config                        0x08007881   Thumb Code   290  stm32h7xx_hal_rcc_ex.o(.text.RCCEx_PLL3_Config)
    [Anonymous Symbol]                       0x08007880   Section        0  stm32h7xx_hal_rcc_ex.o(.text.RCCEx_PLL3_Config)
    [Anonymous Symbol]                       0x080079a8   Section        0  stm32h7xx_it.o(.text.SVC_Handler)
    [Anonymous Symbol]                       0x080079b0   Section        0  stm32h7xx_it.o(.text.SysTick_Handler)
    [Anonymous Symbol]                       0x080079b8   Section        0  main.o(.text.SystemClock_Config)
    [Anonymous Symbol]                       0x08007a98   Section        0  system_stm32h7xx.o(.text.SystemInit)
    [Anonymous Symbol]                       0x08007b88   Section        0  stm32h7xx_it.o(.text.TIM3_IRQHandler)
    [Anonymous Symbol]                       0x08007b98   Section        0  stm32h7xx_it.o(.text.TIM7_IRQHandler)
    [Anonymous Symbol]                       0x08007ba8   Section        0  stm32h7xx_hal_tim.o(.text.TIM_Base_SetConfig)
    [Anonymous Symbol]                       0x08007d08   Section        0  stm32h7xx_hal_uart.o(.text.UART_AdvFeatureConfig)
    [Anonymous Symbol]                       0x08007de8   Section        0  stm32h7xx_hal_uart.o(.text.UART_CheckIdleState)
    UART_DMAAbortOnError                     0x08007f61   Thumb Code    12  stm32h7xx_hal_uart.o(.text.UART_DMAAbortOnError)
    [Anonymous Symbol]                       0x08007f60   Section        0  stm32h7xx_hal_uart.o(.text.UART_DMAAbortOnError)
    [Anonymous Symbol]                       0x08007f70   Section        0  stm32h7xx_hal_uart.o(.text.UART_SetConfig)
    [Anonymous Symbol]                       0x08008400   Section        0  stm32h7xx_hal_uart.o(.text.UART_WaitOnFlagUntilTimeout)
    [Anonymous Symbol]                       0x08008758   Section        0  stm32h7xx_it.o(.text.USART1_IRQHandler)
    [Anonymous Symbol]                       0x08008768   Section        0  stm32h7xx_it.o(.text.USART3_IRQHandler)
    [Anonymous Symbol]                       0x08008778   Section        0  stm32h7xx_it.o(.text.UsageFault_Handler)
    [Anonymous Symbol]                       0x08008780   Section        0  transformfunctions.o(.text.arm_cfft_f32)
    [Anonymous Symbol]                       0x08008af0   Section        0  transformfunctions.o(.text.arm_cfft_radix8by2_f32)
    [Anonymous Symbol]                       0x08008c88   Section        0  transformfunctions.o(.text.arm_cfft_radix8by4_f32)
    [Anonymous Symbol]                       0x08009118   Section        0  complexmathfunctions.o(.text.arm_cmplx_mag_f32)
    [Anonymous Symbol]                       0x08009148   Section        0  transformfunctions.o(.text.arm_radix8_butterfly_f32)
    [Anonymous Symbol]                       0x08009640   Section        0  valuepack.o(.text.endValuePack)
    [Anonymous Symbol]                       0x080096f8   Section        0  main.o(.text.fputc)
    [Anonymous Symbol]                       0x08009718   Section        0  main.o(.text.main)
    __arm_cp.8_13                            0x08009a6c   Number         4  main.o(.text.main)
    __arm_cp.8_14                            0x08009a70   Number         4  main.o(.text.main)
    __arm_cp.8_15                            0x08009a74   Number         4  main.o(.text.main)
    __arm_cp.8_16                            0x08009a78   Number         4  main.o(.text.main)
    __arm_cp.8_17                            0x08009a7c   Number         4  main.o(.text.main)
    __arm_cp.8_18                            0x08009a80   Number         4  main.o(.text.main)
    __arm_cp.8_19                            0x08009a84   Number         4  main.o(.text.main)
    __arm_cp.8_20                            0x08009a88   Number         4  main.o(.text.main)
    __arm_cp.8_21                            0x08009a8c   Number         4  main.o(.text.main)
    __arm_cp.8_22                            0x08009a90   Number         4  main.o(.text.main)
    __arm_cp.8_23                            0x08009a94   Number         4  main.o(.text.main)
    __arm_cp.8_24                            0x0800a96c   Number         4  main.o(.text.main)
    [Anonymous Symbol]                       0x0800ab10   Section        0  valuepack.o(.text.putFloat)
    [Anonymous Symbol]                       0x0800ab68   Section        0  valuepack.o(.text.putShort)
    [Anonymous Symbol]                       0x0800aba8   Section        0  valuepack.o(.text.startValuePack)
    i.__0printf$1                            0x0800abc4   Section        0  printf1.o(i.__0printf$1)
    i.__hardfp_cosf                          0x0800abe4   Section        0  cosf.o(i.__hardfp_cosf)
    i.__mathlib_flt_infnan                   0x0800ad34   Section        0  funder.o(i.__mathlib_flt_infnan)
    i.__mathlib_flt_invalid                  0x0800ad3c   Section        0  funder.o(i.__mathlib_flt_invalid)
    i.__mathlib_rredf2                       0x0800ad4c   Section        0  rredf.o(i.__mathlib_rredf2)
    i.__scatterload_copy                     0x0800aea0   Section       14  handlers.o(i.__scatterload_copy)
    i.__scatterload_null                     0x0800aeae   Section        2  handlers.o(i.__scatterload_null)
    i.__scatterload_zeroinit                 0x0800aeb0   Section       14  handlers.o(i.__scatterload_zeroinit)
    i.__set_errno                            0x0800aec0   Section        0  errno.o(i.__set_errno)
    _printf_core                             0x0800aecd   Thumb Code   336  printf1.o(i._printf_core)
    i._printf_core                           0x0800aecc   Section        0  printf1.o(i._printf_core)
    twooverpi                                0x0800b020   Data          32  rredf.o(.constdata)
    .constdata                               0x0800b020   Section       32  rredf.o(.constdata)
    .Lswitch.table.UART_SetConfig.5          0x0800b040   Data           6  stm32h7xx_hal_uart.o(.rodata..Lswitch.table.UART_SetConfig.5)
    .Lswitch.table.UART_SetConfig.7          0x0800b046   Data           6  stm32h7xx_hal_uart.o(.rodata..Lswitch.table.UART_SetConfig.7)
    UARTEx_SetNbDataToProcess.numerator      0x0800d004   Data           8  stm32h7xx_hal_uart_ex.o(.rodata.cst8)
    [Anonymous Symbol]                       0x0800d004   Section        0  stm32h7xx_hal_uart_ex.o(.rodata.cst8)
    UARTEx_SetNbDataToProcess.denominator    0x0800d00c   Data           8  stm32h7xx_hal_uart_ex.o(.rodata.cst8)
    .data                                    0x24000000   Section        4  stdout.o(.data)
    _errno                                   0x24000004   Data           4  errno.o(.data)
    .data                                    0x24000004   Section        4  errno.o(.data)
    .L_MergedGlobals                         0x24000008   Data          28  main.o(.data..L_MergedGlobals)
    [Anonymous Symbol]                       0x24000008   Section        0  main.o(.data..L_MergedGlobals)
    .L_MergedGlobals                         0x24000024   Data           8  stm32h7xx_hal.o(.data..L_MergedGlobals)
    [Anonymous Symbol]                       0x24000024   Section        0  stm32h7xx_hal.o(.data..L_MergedGlobals)
    .L_MergedGlobals                         0x2400002c   Data           8  system_stm32h7xx.o(.data..L_MergedGlobals)
    [Anonymous Symbol]                       0x2400002c   Section        0  system_stm32h7xx.o(.data..L_MergedGlobals)
    .L_MergedGlobals                         0x24000038   Data          12  valuepack.o(.bss..L_MergedGlobals)
    [Anonymous Symbol]                       0x24000038   Section        0  valuepack.o(.bss..L_MergedGlobals)
    .L_MergedGlobals.1                       0x24000044   Data          85  main.o(.bss..L_MergedGlobals.1)
    [Anonymous Symbol]                       0x24000044   Section        0  main.o(.bss..L_MergedGlobals.1)
    fft_input                                0x240080d0   Data       32768  main.o(.bss.fft_input)
    [Anonymous Symbol]                       0x240080d0   Section        0  main.o(.bss.fft_input)
    main.rect_fft                            0x24014578   Data       32768  main.o(.bss.main.rect_fft)
    [Anonymous Symbol]                       0x24014578   Section        0  main.o(.bss.main.rect_fft)
    STACK                                    0x24024580   Section     4096  startup_stm32h750xx.o(STACK)

    Global Symbols

    Symbol Name                              Value     Ov Type        Size  Object(Section)

    BuildAttributes$$THM_ISAv4$E$P$D$K$B$S$7EM$VFPv5_D16$PE$PLD8$A:L22UL41UL21$X:L11$S22US41US21$IEEE1$IW$~IW$USESV6$~STKCKD$USESV7$~SHL$OTIME$ROPI$IEEEX$EBA8$MICROLIB$REQ8$PRES8$EABIv2 0x00000000   Number         0  anon$$obj.o ABSOLUTE
    _printf_a                                0x00000000   Number         0  printfstubs.o ABSOLUTE
    _printf_c                                0x00000000   Number         0  printfstubs.o ABSOLUTE
    _printf_charcount                        0x00000000   Number         0  printfstubs.o ABSOLUTE
    _printf_d                                0x00000000   Number         0  printfstubs.o ABSOLUTE
    _printf_e                                0x00000000   Number         0  printfstubs.o ABSOLUTE
    _printf_f                                0x00000000   Number         0  printfstubs.o ABSOLUTE
    _printf_flags                            0x00000000   Number         0  printfstubs.o ABSOLUTE
    _printf_fp_dec                           0x00000000   Number         0  printfstubs.o ABSOLUTE
    _printf_fp_hex                           0x00000000   Number         0  printfstubs.o ABSOLUTE
    _printf_g                                0x00000000   Number         0  printfstubs.o ABSOLUTE
    _printf_i                                0x00000000   Number         0  printfstubs.o ABSOLUTE
    _printf_int_dec                          0x00000000   Number         0  printfstubs.o ABSOLUTE
    _printf_l                                0x00000000   Number         0  printfstubs.o ABSOLUTE
    _printf_lc                               0x00000000   Number         0  printfstubs.o ABSOLUTE
    _printf_ll                               0x00000000   Number         0  printfstubs.o ABSOLUTE
    _printf_lld                              0x00000000   Number         0  printfstubs.o ABSOLUTE
    _printf_lli                              0x00000000   Number         0  printfstubs.o ABSOLUTE
    _printf_llo                              0x00000000   Number         0  printfstubs.o ABSOLUTE
    _printf_llu                              0x00000000   Number         0  printfstubs.o ABSOLUTE
    _printf_llx                              0x00000000   Number         0  printfstubs.o ABSOLUTE
    _printf_longlong_dec                     0x00000000   Number         0  printfstubs.o ABSOLUTE
    _printf_longlong_hex                     0x00000000   Number         0  printfstubs.o ABSOLUTE
    _printf_longlong_oct                     0x00000000   Number         0  printfstubs.o ABSOLUTE
    _printf_ls                               0x00000000   Number         0  printfstubs.o ABSOLUTE
    _printf_mbtowc                           0x00000000   Number         0  printfstubs.o ABSOLUTE
    _printf_n                                0x00000000   Number         0  printfstubs.o ABSOLUTE
    _printf_o                                0x00000000   Number         0  printfstubs.o ABSOLUTE
    _printf_p                                0x00000000   Number         0  printfstubs.o ABSOLUTE
    _printf_percent                          0x00000000   Number         0  printfstubs.o ABSOLUTE
    _printf_pre_padding                      0x00000000   Number         0  printfstubs.o ABSOLUTE
    _printf_return_value                     0x00000000   Number         0  printfstubs.o ABSOLUTE
    _printf_s                                0x00000000   Number         0  printfstubs.o ABSOLUTE
    _printf_sizespec                         0x00000000   Number         0  printfstubs.o ABSOLUTE
    _printf_str                              0x00000000   Number         0  printfstubs.o ABSOLUTE
    _printf_truncate_signed                  0x00000000   Number         0  printfstubs.o ABSOLUTE
    _printf_truncate_unsigned                0x00000000   Number         0  printfstubs.o ABSOLUTE
    _printf_u                                0x00000000   Number         0  printfstubs.o ABSOLUTE
    _printf_wc                               0x00000000   Number         0  printfstubs.o ABSOLUTE
    _printf_wctomb                           0x00000000   Number         0  printfstubs.o ABSOLUTE
    _printf_widthprec                        0x00000000   Number         0  printfstubs.o ABSOLUTE
    _printf_x                                0x00000000   Number         0  printfstubs.o ABSOLUTE
    __cpp_initialize__aeabi_                  - Undefined Weak Reference
    __cxa_finalize                            - Undefined Weak Reference
    __decompress                              - Undefined Weak Reference
    _clock_init                               - Undefined Weak Reference
    _microlib_exit                            - Undefined Weak Reference
    __Vectors_Size                           0x00000298   Number         0  startup_stm32h750xx.o ABSOLUTE
    __Vectors                                0x08000000   Data           4  startup_stm32h750xx.o(RESET)
    __Vectors_End                            0x08000298   Data           0  startup_stm32h750xx.o(RESET)
    __main                                   0x08000299   Thumb Code     0  entry.o(.ARM.Collect$$$$00000000)
    _main_stk                                0x08000299   Thumb Code     0  entry2.o(.ARM.Collect$$$$00000001)
    _main_scatterload                        0x0800029d   Thumb Code     0  entry5.o(.ARM.Collect$$$$00000004)
    __main_after_scatterload                 0x080002a1   Thumb Code     0  entry5.o(.ARM.Collect$$$$00000004)
    _main_clock                              0x080002a1   Thumb Code     0  entry7b.o(.ARM.Collect$$$$00000008)
    _main_cpp_init                           0x080002a1   Thumb Code     0  entry8b.o(.ARM.Collect$$$$0000000A)
    _main_init                               0x080002a1   Thumb Code     0  entry9a.o(.ARM.Collect$$$$0000000B)
    __rt_final_cpp                           0x080002a9   Thumb Code     0  entry10a.o(.ARM.Collect$$$$0000000D)
    __rt_final_exit                          0x080002a9   Thumb Code     0  entry11a.o(.ARM.Collect$$$$0000000F)
    Reset_Handler                            0x080002ad   Thumb Code    12  startup_stm32h750xx.o(.text)
    ADC3_IRQHandler                          0x080002cb   Thumb Code     0  startup_stm32h750xx.o(.text)
    BDMA_Channel0_IRQHandler                 0x080002cb   Thumb Code     0  startup_stm32h750xx.o(.text)
    BDMA_Channel1_IRQHandler                 0x080002cb   Thumb Code     0  startup_stm32h750xx.o(.text)
    BDMA_Channel2_IRQHandler                 0x080002cb   Thumb Code     0  startup_stm32h750xx.o(.text)
    BDMA_Channel3_IRQHandler                 0x080002cb   Thumb Code     0  startup_stm32h750xx.o(.text)
    BDMA_Channel4_IRQHandler                 0x080002cb   Thumb Code     0  startup_stm32h750xx.o(.text)
    BDMA_Channel5_IRQHandler                 0x080002cb   Thumb Code     0  startup_stm32h750xx.o(.text)
    BDMA_Channel6_IRQHandler                 0x080002cb   Thumb Code     0  startup_stm32h750xx.o(.text)
    BDMA_Channel7_IRQHandler                 0x080002cb   Thumb Code     0  startup_stm32h750xx.o(.text)
    CEC_IRQHandler                           0x080002cb   Thumb Code     0  startup_stm32h750xx.o(.text)
    COMP1_IRQHandler                         0x080002cb   Thumb Code     0  startup_stm32h750xx.o(.text)
    CRS_IRQHandler                           0x080002cb   Thumb Code     0  startup_stm32h750xx.o(.text)
    CRYP_IRQHandler                          0x080002cb   Thumb Code     0  startup_stm32h750xx.o(.text)
    DCMI_IRQHandler                          0x080002cb   Thumb Code     0  startup_stm32h750xx.o(.text)
    DFSDM1_FLT0_IRQHandler                   0x080002cb   Thumb Code     0  startup_stm32h750xx.o(.text)
    DFSDM1_FLT1_IRQHandler                   0x080002cb   Thumb Code     0  startup_stm32h750xx.o(.text)
    DFSDM1_FLT2_IRQHandler                   0x080002cb   Thumb Code     0  startup_stm32h750xx.o(.text)
    DFSDM1_FLT3_IRQHandler                   0x080002cb   Thumb Code     0  startup_stm32h750xx.o(.text)
    DMA1_Stream4_IRQHandler                  0x080002cb   Thumb Code     0  startup_stm32h750xx.o(.text)
    DMA1_Stream5_IRQHandler                  0x080002cb   Thumb Code     0  startup_stm32h750xx.o(.text)
    DMA1_Stream6_IRQHandler                  0x080002cb   Thumb Code     0  startup_stm32h750xx.o(.text)
    DMA1_Stream7_IRQHandler                  0x080002cb   Thumb Code     0  startup_stm32h750xx.o(.text)
    DMA2D_IRQHandler                         0x080002cb   Thumb Code     0  startup_stm32h750xx.o(.text)
    DMA2_Stream0_IRQHandler                  0x080002cb   Thumb Code     0  startup_stm32h750xx.o(.text)
    DMA2_Stream1_IRQHandler                  0x080002cb   Thumb Code     0  startup_stm32h750xx.o(.text)
    DMA2_Stream2_IRQHandler                  0x080002cb   Thumb Code     0  startup_stm32h750xx.o(.text)
    DMA2_Stream3_IRQHandler                  0x080002cb   Thumb Code     0  startup_stm32h750xx.o(.text)
    DMA2_Stream4_IRQHandler                  0x080002cb   Thumb Code     0  startup_stm32h750xx.o(.text)
    DMA2_Stream5_IRQHandler                  0x080002cb   Thumb Code     0  startup_stm32h750xx.o(.text)
    DMA2_Stream6_IRQHandler                  0x080002cb   Thumb Code     0  startup_stm32h750xx.o(.text)
    DMA2_Stream7_IRQHandler                  0x080002cb   Thumb Code     0  startup_stm32h750xx.o(.text)
    DMAMUX1_OVR_IRQHandler                   0x080002cb   Thumb Code     0  startup_stm32h750xx.o(.text)
    DMAMUX2_OVR_IRQHandler                   0x080002cb   Thumb Code     0  startup_stm32h750xx.o(.text)
    ECC_IRQHandler                           0x080002cb   Thumb Code     0  startup_stm32h750xx.o(.text)
    ETH_IRQHandler                           0x080002cb   Thumb Code     0  startup_stm32h750xx.o(.text)
    ETH_WKUP_IRQHandler                      0x080002cb   Thumb Code     0  startup_stm32h750xx.o(.text)
    EXTI0_IRQHandler                         0x080002cb   Thumb Code     0  startup_stm32h750xx.o(.text)
    EXTI15_10_IRQHandler                     0x080002cb   Thumb Code     0  startup_stm32h750xx.o(.text)
    EXTI1_IRQHandler                         0x080002cb   Thumb Code     0  startup_stm32h750xx.o(.text)
    EXTI2_IRQHandler                         0x080002cb   Thumb Code     0  startup_stm32h750xx.o(.text)
    EXTI3_IRQHandler                         0x080002cb   Thumb Code     0  startup_stm32h750xx.o(.text)
    EXTI4_IRQHandler                         0x080002cb   Thumb Code     0  startup_stm32h750xx.o(.text)
    FDCAN1_IT0_IRQHandler                    0x080002cb   Thumb Code     0  startup_stm32h750xx.o(.text)
    FDCAN1_IT1_IRQHandler                    0x080002cb   Thumb Code     0  startup_stm32h750xx.o(.text)
    FDCAN2_IT0_IRQHandler                    0x080002cb   Thumb Code     0  startup_stm32h750xx.o(.text)
    FDCAN2_IT1_IRQHandler                    0x080002cb   Thumb Code     0  startup_stm32h750xx.o(.text)
    FDCAN_CAL_IRQHandler                     0x080002cb   Thumb Code     0  startup_stm32h750xx.o(.text)
    FLASH_IRQHandler                         0x080002cb   Thumb Code     0  startup_stm32h750xx.o(.text)
    FMC_IRQHandler                           0x080002cb   Thumb Code     0  startup_stm32h750xx.o(.text)
    FPU_IRQHandler                           0x080002cb   Thumb Code     0  startup_stm32h750xx.o(.text)
    HASH_RNG_IRQHandler                      0x080002cb   Thumb Code     0  startup_stm32h750xx.o(.text)
    HRTIM1_FLT_IRQHandler                    0x080002cb   Thumb Code     0  startup_stm32h750xx.o(.text)
    HRTIM1_Master_IRQHandler                 0x080002cb   Thumb Code     0  startup_stm32h750xx.o(.text)
    HRTIM1_TIMA_IRQHandler                   0x080002cb   Thumb Code     0  startup_stm32h750xx.o(.text)
    HRTIM1_TIMB_IRQHandler                   0x080002cb   Thumb Code     0  startup_stm32h750xx.o(.text)
    HRTIM1_TIMC_IRQHandler                   0x080002cb   Thumb Code     0  startup_stm32h750xx.o(.text)
    HRTIM1_TIMD_IRQHandler                   0x080002cb   Thumb Code     0  startup_stm32h750xx.o(.text)
    HRTIM1_TIME_IRQHandler                   0x080002cb   Thumb Code     0  startup_stm32h750xx.o(.text)
    HSEM1_IRQHandler                         0x080002cb   Thumb Code     0  startup_stm32h750xx.o(.text)
    I2C1_ER_IRQHandler                       0x080002cb   Thumb Code     0  startup_stm32h750xx.o(.text)
    I2C1_EV_IRQHandler                       0x080002cb   Thumb Code     0  startup_stm32h750xx.o(.text)
    I2C2_ER_IRQHandler                       0x080002cb   Thumb Code     0  startup_stm32h750xx.o(.text)
    I2C2_EV_IRQHandler                       0x080002cb   Thumb Code     0  startup_stm32h750xx.o(.text)
    I2C3_ER_IRQHandler                       0x080002cb   Thumb Code     0  startup_stm32h750xx.o(.text)
    I2C3_EV_IRQHandler                       0x080002cb   Thumb Code     0  startup_stm32h750xx.o(.text)
    I2C4_ER_IRQHandler                       0x080002cb   Thumb Code     0  startup_stm32h750xx.o(.text)
    I2C4_EV_IRQHandler                       0x080002cb   Thumb Code     0  startup_stm32h750xx.o(.text)
    JPEG_IRQHandler                          0x080002cb   Thumb Code     0  startup_stm32h750xx.o(.text)
    LPTIM1_IRQHandler                        0x080002cb   Thumb Code     0  startup_stm32h750xx.o(.text)
    LPTIM2_IRQHandler                        0x080002cb   Thumb Code     0  startup_stm32h750xx.o(.text)
    LPTIM3_IRQHandler                        0x080002cb   Thumb Code     0  startup_stm32h750xx.o(.text)
    LPTIM4_IRQHandler                        0x080002cb   Thumb Code     0  startup_stm32h750xx.o(.text)
    LPTIM5_IRQHandler                        0x080002cb   Thumb Code     0  startup_stm32h750xx.o(.text)
    LPUART1_IRQHandler                       0x080002cb   Thumb Code     0  startup_stm32h750xx.o(.text)
    LTDC_ER_IRQHandler                       0x080002cb   Thumb Code     0  startup_stm32h750xx.o(.text)
    LTDC_IRQHandler                          0x080002cb   Thumb Code     0  startup_stm32h750xx.o(.text)
    MDIOS_IRQHandler                         0x080002cb   Thumb Code     0  startup_stm32h750xx.o(.text)
    MDIOS_WKUP_IRQHandler                    0x080002cb   Thumb Code     0  startup_stm32h750xx.o(.text)
    MDMA_IRQHandler                          0x080002cb   Thumb Code     0  startup_stm32h750xx.o(.text)
    OTG_FS_EP1_IN_IRQHandler                 0x080002cb   Thumb Code     0  startup_stm32h750xx.o(.text)
    OTG_FS_EP1_OUT_IRQHandler                0x080002cb   Thumb Code     0  startup_stm32h750xx.o(.text)
    OTG_FS_IRQHandler                        0x080002cb   Thumb Code     0  startup_stm32h750xx.o(.text)
    OTG_FS_WKUP_IRQHandler                   0x080002cb   Thumb Code     0  startup_stm32h750xx.o(.text)
    OTG_HS_EP1_IN_IRQHandler                 0x080002cb   Thumb Code     0  startup_stm32h750xx.o(.text)
    OTG_HS_EP1_OUT_IRQHandler                0x080002cb   Thumb Code     0  startup_stm32h750xx.o(.text)
    OTG_HS_IRQHandler                        0x080002cb   Thumb Code     0  startup_stm32h750xx.o(.text)
    OTG_HS_WKUP_IRQHandler                   0x080002cb   Thumb Code     0  startup_stm32h750xx.o(.text)
    PVD_AVD_IRQHandler                       0x080002cb   Thumb Code     0  startup_stm32h750xx.o(.text)
    QUADSPI_IRQHandler                       0x080002cb   Thumb Code     0  startup_stm32h750xx.o(.text)
    RCC_IRQHandler                           0x080002cb   Thumb Code     0  startup_stm32h750xx.o(.text)
    RTC_Alarm_IRQHandler                     0x080002cb   Thumb Code     0  startup_stm32h750xx.o(.text)
    RTC_WKUP_IRQHandler                      0x080002cb   Thumb Code     0  startup_stm32h750xx.o(.text)
    SAI1_IRQHandler                          0x080002cb   Thumb Code     0  startup_stm32h750xx.o(.text)
    SAI2_IRQHandler                          0x080002cb   Thumb Code     0  startup_stm32h750xx.o(.text)
    SAI3_IRQHandler                          0x080002cb   Thumb Code     0  startup_stm32h750xx.o(.text)
    SAI4_IRQHandler                          0x080002cb   Thumb Code     0  startup_stm32h750xx.o(.text)
    SDMMC1_IRQHandler                        0x080002cb   Thumb Code     0  startup_stm32h750xx.o(.text)
    SDMMC2_IRQHandler                        0x080002cb   Thumb Code     0  startup_stm32h750xx.o(.text)
    SPDIF_RX_IRQHandler                      0x080002cb   Thumb Code     0  startup_stm32h750xx.o(.text)
    SPI1_IRQHandler                          0x080002cb   Thumb Code     0  startup_stm32h750xx.o(.text)
    SPI2_IRQHandler                          0x080002cb   Thumb Code     0  startup_stm32h750xx.o(.text)
    SPI3_IRQHandler                          0x080002cb   Thumb Code     0  startup_stm32h750xx.o(.text)
    SPI4_IRQHandler                          0x080002cb   Thumb Code     0  startup_stm32h750xx.o(.text)
    SPI5_IRQHandler                          0x080002cb   Thumb Code     0  startup_stm32h750xx.o(.text)
    SPI6_IRQHandler                          0x080002cb   Thumb Code     0  startup_stm32h750xx.o(.text)
    SWPMI1_IRQHandler                        0x080002cb   Thumb Code     0  startup_stm32h750xx.o(.text)
    TAMP_STAMP_IRQHandler                    0x080002cb   Thumb Code     0  startup_stm32h750xx.o(.text)
    TIM15_IRQHandler                         0x080002cb   Thumb Code     0  startup_stm32h750xx.o(.text)
    TIM16_IRQHandler                         0x080002cb   Thumb Code     0  startup_stm32h750xx.o(.text)
    TIM17_IRQHandler                         0x080002cb   Thumb Code     0  startup_stm32h750xx.o(.text)
    TIM1_BRK_IRQHandler                      0x080002cb   Thumb Code     0  startup_stm32h750xx.o(.text)
    TIM1_CC_IRQHandler                       0x080002cb   Thumb Code     0  startup_stm32h750xx.o(.text)
    TIM1_TRG_COM_IRQHandler                  0x080002cb   Thumb Code     0  startup_stm32h750xx.o(.text)
    TIM1_UP_IRQHandler                       0x080002cb   Thumb Code     0  startup_stm32h750xx.o(.text)
    TIM2_IRQHandler                          0x080002cb   Thumb Code     0  startup_stm32h750xx.o(.text)
    TIM4_IRQHandler                          0x080002cb   Thumb Code     0  startup_stm32h750xx.o(.text)
    TIM5_IRQHandler                          0x080002cb   Thumb Code     0  startup_stm32h750xx.o(.text)
    TIM6_DAC_IRQHandler                      0x080002cb   Thumb Code     0  startup_stm32h750xx.o(.text)
    TIM8_BRK_TIM12_IRQHandler                0x080002cb   Thumb Code     0  startup_stm32h750xx.o(.text)
    TIM8_CC_IRQHandler                       0x080002cb   Thumb Code     0  startup_stm32h750xx.o(.text)
    TIM8_TRG_COM_TIM14_IRQHandler            0x080002cb   Thumb Code     0  startup_stm32h750xx.o(.text)
    TIM8_UP_TIM13_IRQHandler                 0x080002cb   Thumb Code     0  startup_stm32h750xx.o(.text)
    UART4_IRQHandler                         0x080002cb   Thumb Code     0  startup_stm32h750xx.o(.text)
    UART5_IRQHandler                         0x080002cb   Thumb Code     0  startup_stm32h750xx.o(.text)
    UART7_IRQHandler                         0x080002cb   Thumb Code     0  startup_stm32h750xx.o(.text)
    UART8_IRQHandler                         0x080002cb   Thumb Code     0  startup_stm32h750xx.o(.text)
    USART2_IRQHandler                        0x080002cb   Thumb Code     0  startup_stm32h750xx.o(.text)
    USART6_IRQHandler                        0x080002cb   Thumb Code     0  startup_stm32h750xx.o(.text)
    WAKEUP_PIN_IRQHandler                    0x080002cb   Thumb Code     0  startup_stm32h750xx.o(.text)
    WWDG_IRQHandler                          0x080002cb   Thumb Code     0  startup_stm32h750xx.o(.text)
    __aeabi_uldivmod                         0x080002d9   Thumb Code    98  uldiv.o(.text)
    __aeabi_memcpy                           0x0800033b   Thumb Code    36  memcpya.o(.text)
    __aeabi_memcpy4                          0x0800033b   Thumb Code     0  memcpya.o(.text)
    __aeabi_memcpy8                          0x0800033b   Thumb Code     0  memcpya.o(.text)
    __aeabi_memset                           0x0800035f   Thumb Code    14  memseta.o(.text)
    __aeabi_memset4                          0x0800035f   Thumb Code     0  memseta.o(.text)
    __aeabi_memset8                          0x0800035f   Thumb Code     0  memseta.o(.text)
    __aeabi_memclr                           0x0800036d   Thumb Code     4  memseta.o(.text)
    __aeabi_memclr4                          0x0800036d   Thumb Code     0  memseta.o(.text)
    __aeabi_memclr8                          0x0800036d   Thumb Code     0  memseta.o(.text)
    _memset$wrapper                          0x08000371   Thumb Code    18  memseta.o(.text)
    __aeabi_uidiv                            0x08000383   Thumb Code     0  uidiv.o(.text)
    __aeabi_uidivmod                         0x08000383   Thumb Code    44  uidiv.o(.text)
    __aeabi_llsl                             0x080003af   Thumb Code    30  llshl.o(.text)
    _ll_shift_l                              0x080003af   Thumb Code     0  llshl.o(.text)
    __aeabi_llsr                             0x080003cd   Thumb Code    32  llushr.o(.text)
    _ll_ushift_r                             0x080003cd   Thumb Code     0  llushr.o(.text)
    __I$use$fp                               0x080003ed   Thumb Code     0  iusefp.o(.text)
    __scatterload                            0x080003ed   Thumb Code    38  init.o(.text)
    __scatterload_rt2                        0x080003ed   Thumb Code     0  init.o(.text)
    ADC_ConfigureBoostMode                   0x08000421   Thumb Code   300  stm32h7xx_hal_adc.o(.text.ADC_ConfigureBoostMode)
    ADC_ConversionStop                       0x08000551   Thumb Code   244  stm32h7xx_hal_adc.o(.text.ADC_ConversionStop)
    ADC_DMAConvCplt                          0x08000649   Thumb Code    94  stm32h7xx_hal_adc.o(.text.ADC_DMAConvCplt)
    ADC_DMAError                             0x080006a9   Thumb Code    22  stm32h7xx_hal_adc.o(.text.ADC_DMAError)
    ADC_DMAHalfConvCplt                      0x080006c1   Thumb Code     6  stm32h7xx_hal_adc.o(.text.ADC_DMAHalfConvCplt)
    ADC_Enable                               0x080006c9   Thumb Code   174  stm32h7xx_hal_adc.o(.text.ADC_Enable)
    ADC_IRQHandler                           0x08000779   Thumb Code    12  stm32h7xx_it.o(.text.ADC_IRQHandler)
    BusFault_Handler                         0x08000789   Thumb Code     2  stm32h7xx_it.o(.text.BusFault_Handler)
    DMA1_Stream0_IRQHandler                  0x08000791   Thumb Code    12  stm32h7xx_it.o(.text.DMA1_Stream0_IRQHandler)
    DMA1_Stream1_IRQHandler                  0x080007a1   Thumb Code    12  stm32h7xx_it.o(.text.DMA1_Stream1_IRQHandler)
    DMA1_Stream2_IRQHandler                  0x080007b1   Thumb Code    12  stm32h7xx_it.o(.text.DMA1_Stream2_IRQHandler)
    DMA1_Stream3_IRQHandler                  0x080007c1   Thumb Code    12  stm32h7xx_it.o(.text.DMA1_Stream3_IRQHandler)
    DebugMon_Handler                         0x08000c01   Thumb Code     2  stm32h7xx_it.o(.text.DebugMon_Handler)
    EXTI9_5_IRQHandler                       0x08000c09   Thumb Code     8  stm32h7xx_it.o(.text.EXTI9_5_IRQHandler)
    Error_Handler                            0x08000c11   Thumb Code    10  main.o(.text.Error_Handler)
    ExitRun0Mode                             0x08000c21   Thumb Code    44  system_stm32h7xx.o(.text.ExitRun0Mode)
    HAL_ADCEx_EndOfSamplingCallback          0x08000c51   Thumb Code     2  stm32h7xx_hal_adc_ex.o(.text.HAL_ADCEx_EndOfSamplingCallback)
    HAL_ADCEx_InjectedConvCpltCallback       0x08000c59   Thumb Code     2  stm32h7xx_hal_adc_ex.o(.text.HAL_ADCEx_InjectedConvCpltCallback)
    HAL_ADCEx_InjectedQueueOverflowCallback  0x08000c61   Thumb Code     2  stm32h7xx_hal_adc_ex.o(.text.HAL_ADCEx_InjectedQueueOverflowCallback)
    HAL_ADCEx_LevelOutOfWindow2Callback      0x08000c69   Thumb Code     2  stm32h7xx_hal_adc_ex.o(.text.HAL_ADCEx_LevelOutOfWindow2Callback)
    HAL_ADCEx_LevelOutOfWindow3Callback      0x08000c71   Thumb Code     2  stm32h7xx_hal_adc_ex.o(.text.HAL_ADCEx_LevelOutOfWindow3Callback)
    HAL_ADCEx_MultiModeConfigChannel         0x08000c79   Thumb Code   176  stm32h7xx_hal_adc_ex.o(.text.HAL_ADCEx_MultiModeConfigChannel)
    HAL_ADC_ConfigChannel                    0x08000d29   Thumb Code  1268  stm32h7xx_hal_adc.o(.text.HAL_ADC_ConfigChannel)
    HAL_ADC_ConvCpltCallback                 0x08001221   Thumb Code    48  main.o(.text.HAL_ADC_ConvCpltCallback)
    HAL_ADC_ConvHalfCpltCallback             0x08001251   Thumb Code     2  stm32h7xx_hal_adc.o(.text.HAL_ADC_ConvHalfCpltCallback)
    HAL_ADC_ErrorCallback                    0x08001259   Thumb Code     2  stm32h7xx_hal_adc.o(.text.HAL_ADC_ErrorCallback)
    HAL_ADC_IRQHandler                       0x08001261   Thumb Code   698  stm32h7xx_hal_adc.o(.text.HAL_ADC_IRQHandler)
    HAL_ADC_Init                             0x08001521   Thumb Code   622  stm32h7xx_hal_adc.o(.text.HAL_ADC_Init)
    HAL_ADC_LevelOutOfWindowCallback         0x08001791   Thumb Code     2  stm32h7xx_hal_adc.o(.text.HAL_ADC_LevelOutOfWindowCallback)
    HAL_ADC_MspInit                          0x08001799   Thumb Code   240  adc.o(.text.HAL_ADC_MspInit)
    HAL_ADC_Start_DMA                        0x08001889   Thumb Code   260  stm32h7xx_hal_adc.o(.text.HAL_ADC_Start_DMA)
    HAL_ADC_Stop_DMA                         0x08001991   Thumb Code   324  stm32h7xx_hal_adc.o(.text.HAL_ADC_Stop_DMA)
    HAL_DMA_Abort                            0x08001ad9   Thumb Code  1326  stm32h7xx_hal_dma.o(.text.HAL_DMA_Abort)
    HAL_DMA_Abort_IT                         0x08002009   Thumb Code   696  stm32h7xx_hal_dma.o(.text.HAL_DMA_Abort_IT)
    HAL_DMA_IRQHandler                       0x080022c1   Thumb Code  2072  stm32h7xx_hal_dma.o(.text.HAL_DMA_IRQHandler)
    HAL_DMA_Init                             0x08002ad9   Thumb Code  1638  stm32h7xx_hal_dma.o(.text.HAL_DMA_Init)
    HAL_DMA_Start_IT                         0x08003141   Thumb Code   934  stm32h7xx_hal_dma.o(.text.HAL_DMA_Start_IT)
    HAL_Delay                                0x080034e9   Thumb Code    40  stm32h7xx_hal.o(.text.HAL_Delay)
    HAL_GPIO_EXTI_Callback                   0x08003511   Thumb Code    20  main.o(.text.HAL_GPIO_EXTI_Callback)
    HAL_GPIO_EXTI_IRQHandler                 0x08003529   Thumb Code    20  stm32h7xx_hal_gpio.o(.text.HAL_GPIO_EXTI_IRQHandler)
    HAL_GPIO_Init                            0x08003541   Thumb Code   418  stm32h7xx_hal_gpio.o(.text.HAL_GPIO_Init)
    HAL_GPIO_WritePin                        0x080036e9   Thumb Code    10  stm32h7xx_hal_gpio.o(.text.HAL_GPIO_WritePin)
    HAL_GetREVID                             0x080036f9   Thumb Code    14  stm32h7xx_hal.o(.text.HAL_GetREVID)
    HAL_GetTick                              0x08003709   Thumb Code    12  stm32h7xx_hal.o(.text.HAL_GetTick)
    HAL_I2CEx_ConfigAnalogFilter             0x08003719   Thumb Code    74  stm32h7xx_hal_i2c_ex.o(.text.HAL_I2CEx_ConfigAnalogFilter)
    HAL_I2CEx_ConfigDigitalFilter            0x08003769   Thumb Code    72  stm32h7xx_hal_i2c_ex.o(.text.HAL_I2CEx_ConfigDigitalFilter)
    HAL_I2C_Init                             0x080037b1   Thumb Code   174  stm32h7xx_hal_i2c.o(.text.HAL_I2C_Init)
    HAL_I2C_MspInit                          0x08003861   Thumb Code   134  i2c.o(.text.HAL_I2C_MspInit)
    HAL_IncTick                              0x080038e9   Thumb Code    26  stm32h7xx_hal.o(.text.HAL_IncTick)
    HAL_Init                                 0x08003909   Thumb Code   100  stm32h7xx_hal.o(.text.HAL_Init)
    HAL_InitTick                             0x08003971   Thumb Code    76  stm32h7xx_hal.o(.text.HAL_InitTick)
    HAL_MPU_ConfigRegion                     0x080039c1   Thumb Code    94  stm32h7xx_hal_cortex.o(.text.HAL_MPU_ConfigRegion)
    HAL_MPU_Disable                          0x08003a21   Thumb Code    26  stm32h7xx_hal_cortex.o(.text.HAL_MPU_Disable)
    HAL_MPU_Enable                           0x08003a41   Thumb Code    32  stm32h7xx_hal_cortex.o(.text.HAL_MPU_Enable)
    HAL_MspInit                              0x08003a61   Thumb Code    32  stm32h7xx_hal_msp.o(.text.HAL_MspInit)
    HAL_NVIC_EnableIRQ                       0x08003a81   Thumb Code    34  stm32h7xx_hal_cortex.o(.text.HAL_NVIC_EnableIRQ)
    HAL_NVIC_SetPriority                     0x08003aa9   Thumb Code    90  stm32h7xx_hal_cortex.o(.text.HAL_NVIC_SetPriority)
    HAL_NVIC_SetPriorityGrouping             0x08003b09   Thumb Code    32  stm32h7xx_hal_cortex.o(.text.HAL_NVIC_SetPriorityGrouping)
    HAL_PWREx_ConfigSupply                   0x08003b29   Thumb Code    76  stm32h7xx_hal_pwr_ex.o(.text.HAL_PWREx_ConfigSupply)
    HAL_RCCEx_GetD3PCLK1Freq                 0x08003b79   Thumb Code    38  stm32h7xx_hal_rcc_ex.o(.text.HAL_RCCEx_GetD3PCLK1Freq)
    HAL_RCCEx_GetPLL1ClockFreq               0x08003ba1   Thumb Code   292  stm32h7xx_hal_rcc_ex.o(.text.HAL_RCCEx_GetPLL1ClockFreq)
    HAL_RCCEx_GetPLL2ClockFreq               0x08003cd9   Thumb Code   284  stm32h7xx_hal_rcc_ex.o(.text.HAL_RCCEx_GetPLL2ClockFreq)
    HAL_RCCEx_GetPLL3ClockFreq               0x08003e09   Thumb Code   284  stm32h7xx_hal_rcc_ex.o(.text.HAL_RCCEx_GetPLL3ClockFreq)
    HAL_RCCEx_GetPeriphCLKFreq               0x08003f39   Thumb Code   942  stm32h7xx_hal_rcc_ex.o(.text.HAL_RCCEx_GetPeriphCLKFreq)
    HAL_RCCEx_PeriphCLKConfig                0x080042e9   Thumb Code  2876  stm32h7xx_hal_rcc_ex.o(.text.HAL_RCCEx_PeriphCLKConfig)
    HAL_RCC_ClockConfig                      0x08004e29   Thumb Code   616  stm32h7xx_hal_rcc.o(.text.HAL_RCC_ClockConfig)
    HAL_RCC_GetHCLKFreq                      0x08005091   Thumb Code    76  stm32h7xx_hal_rcc.o(.text.HAL_RCC_GetHCLKFreq)
    HAL_RCC_GetPCLK1Freq                     0x080050e1   Thumb Code    96  stm32h7xx_hal_rcc.o(.text.HAL_RCC_GetPCLK1Freq)
    HAL_RCC_GetPCLK2Freq                     0x08005141   Thumb Code    96  stm32h7xx_hal_rcc.o(.text.HAL_RCC_GetPCLK2Freq)
    HAL_RCC_GetSysClockFreq                  0x080051a1   Thumb Code   264  stm32h7xx_hal_rcc.o(.text.HAL_RCC_GetSysClockFreq)
    HAL_RCC_OscConfig                        0x080052b9   Thumb Code  1388  stm32h7xx_hal_rcc.o(.text.HAL_RCC_OscConfig)
    HAL_SYSTICK_Config                       0x08005829   Thumb Code    46  stm32h7xx_hal_cortex.o(.text.HAL_SYSTICK_Config)
    HAL_TIMEx_Break2Callback                 0x08005859   Thumb Code     2  stm32h7xx_hal_tim_ex.o(.text.HAL_TIMEx_Break2Callback)
    HAL_TIMEx_BreakCallback                  0x08005861   Thumb Code     2  stm32h7xx_hal_tim_ex.o(.text.HAL_TIMEx_BreakCallback)
    HAL_TIMEx_CommutCallback                 0x08005869   Thumb Code     2  stm32h7xx_hal_tim_ex.o(.text.HAL_TIMEx_CommutCallback)
    HAL_TIMEx_MasterConfigSynchronization    0x08005871   Thumb Code   206  stm32h7xx_hal_tim_ex.o(.text.HAL_TIMEx_MasterConfigSynchronization)
    HAL_TIM_Base_Init                        0x08005941   Thumb Code    96  stm32h7xx_hal_tim.o(.text.HAL_TIM_Base_Init)
    HAL_TIM_Base_MspInit                     0x080059a1   Thumb Code   164  tim.o(.text.HAL_TIM_Base_MspInit)
    HAL_TIM_Base_Start                       0x08005a49   Thumb Code   172  stm32h7xx_hal_tim.o(.text.HAL_TIM_Base_Start)
    HAL_TIM_Base_Start_IT                    0x08005af9   Thumb Code   180  stm32h7xx_hal_tim.o(.text.HAL_TIM_Base_Start_IT)
    HAL_TIM_Base_Stop_IT                     0x08005bb1   Thumb Code    60  stm32h7xx_hal_tim.o(.text.HAL_TIM_Base_Stop_IT)
    HAL_TIM_ConfigClockSource                0x08005bf1   Thumb Code   512  stm32h7xx_hal_tim.o(.text.HAL_TIM_ConfigClockSource)
    HAL_TIM_IC_CaptureCallback               0x08005df1   Thumb Code     2  stm32h7xx_hal_tim.o(.text.HAL_TIM_IC_CaptureCallback)
    HAL_TIM_IRQHandler                       0x08005df9   Thumb Code   364  stm32h7xx_hal_tim.o(.text.HAL_TIM_IRQHandler)
    HAL_TIM_OC_ConfigChannel                 0x08005f69   Thumb Code  1046  stm32h7xx_hal_tim.o(.text.HAL_TIM_OC_ConfigChannel)
    HAL_TIM_OC_DelayElapsedCallback          0x08006381   Thumb Code     2  stm32h7xx_hal_tim.o(.text.HAL_TIM_OC_DelayElapsedCallback)
    HAL_TIM_OC_Init                          0x08006389   Thumb Code    96  stm32h7xx_hal_tim.o(.text.HAL_TIM_OC_Init)
    HAL_TIM_OC_MspInit                       0x080063e9   Thumb Code     2  stm32h7xx_hal_tim.o(.text.HAL_TIM_OC_MspInit)
    HAL_TIM_PWM_PulseFinishedCallback        0x080063f1   Thumb Code     2  stm32h7xx_hal_tim.o(.text.HAL_TIM_PWM_PulseFinishedCallback)
    HAL_TIM_PeriodElapsedCallback            0x080063f9   Thumb Code   364  main.o(.text.HAL_TIM_PeriodElapsedCallback)
    HAL_TIM_TriggerCallback                  0x08006571   Thumb Code     2  stm32h7xx_hal_tim.o(.text.HAL_TIM_TriggerCallback)
    HAL_UARTEx_DisableFifoMode               0x08006579   Thumb Code    54  stm32h7xx_hal_uart_ex.o(.text.HAL_UARTEx_DisableFifoMode)
    HAL_UARTEx_RxEventCallback               0x080065b1   Thumb Code     2  stm32h7xx_hal_uart.o(.text.HAL_UARTEx_RxEventCallback)
    HAL_UARTEx_RxFifoFullCallback            0x080065b9   Thumb Code     2  stm32h7xx_hal_uart_ex.o(.text.HAL_UARTEx_RxFifoFullCallback)
    HAL_UARTEx_SetRxFifoThreshold            0x080065c1   Thumb Code   144  stm32h7xx_hal_uart_ex.o(.text.HAL_UARTEx_SetRxFifoThreshold)
    HAL_UARTEx_SetTxFifoThreshold            0x08006651   Thumb Code   144  stm32h7xx_hal_uart_ex.o(.text.HAL_UARTEx_SetTxFifoThreshold)
    HAL_UARTEx_TxFifoEmptyCallback           0x080066e1   Thumb Code     2  stm32h7xx_hal_uart_ex.o(.text.HAL_UARTEx_TxFifoEmptyCallback)
    HAL_UARTEx_WakeupCallback                0x080066e9   Thumb Code     2  stm32h7xx_hal_uart_ex.o(.text.HAL_UARTEx_WakeupCallback)
    HAL_UART_ErrorCallback                   0x080066f1   Thumb Code     2  stm32h7xx_hal_uart.o(.text.HAL_UART_ErrorCallback)
    HAL_UART_IRQHandler                      0x080066f9   Thumb Code  1906  stm32h7xx_hal_uart.o(.text.HAL_UART_IRQHandler)
    HAL_UART_Init                            0x08006e71   Thumb Code   100  stm32h7xx_hal_uart.o(.text.HAL_UART_Init)
    HAL_UART_MspInit                         0x08006ed9   Thumb Code   512  usart.o(.text.HAL_UART_MspInit)
    HAL_UART_Transmit                        0x080070d9   Thumb Code   408  stm32h7xx_hal_uart.o(.text.HAL_UART_Transmit)
    HAL_UART_TxCpltCallback                  0x08007271   Thumb Code     2  stm32h7xx_hal_uart.o(.text.HAL_UART_TxCpltCallback)
    HardFault_Handler                        0x08007279   Thumb Code     2  stm32h7xx_it.o(.text.HardFault_Handler)
    MX_ADC1_Init                             0x08007281   Thumb Code   176  adc.o(.text.MX_ADC1_Init)
    MX_DMA_Init                              0x08007331   Thumb Code   100  dma.o(.text.MX_DMA_Init)
    MX_GPIO_Init                             0x08007399   Thumb Code   192  gpio.o(.text.MX_GPIO_Init)
    MX_I2C1_Init                             0x08007459   Thumb Code   106  i2c.o(.text.MX_I2C1_Init)
    MX_TIM2_Init                             0x080074c9   Thumb Code   176  tim.o(.text.MX_TIM2_Init)
    MX_TIM3_Init                             0x08007579   Thumb Code   116  tim.o(.text.MX_TIM3_Init)
    MX_TIM7_Init                             0x080075f1   Thumb Code    78  tim.o(.text.MX_TIM7_Init)
    MX_USART1_UART_Init                      0x08007641   Thumb Code   124  usart.o(.text.MX_USART1_UART_Init)
    MX_USART3_UART_Init                      0x080076c1   Thumb Code   124  usart.o(.text.MX_USART3_UART_Init)
    MemManage_Handler                        0x08007741   Thumb Code     2  stm32h7xx_it.o(.text.MemManage_Handler)
    NMI_Handler                              0x08007749   Thumb Code     2  stm32h7xx_it.o(.text.NMI_Handler)
    PendSV_Handler                           0x08007751   Thumb Code     2  stm32h7xx_it.o(.text.PendSV_Handler)
    SVC_Handler                              0x080079a9   Thumb Code     2  stm32h7xx_it.o(.text.SVC_Handler)
    SysTick_Handler                          0x080079b1   Thumb Code     4  stm32h7xx_it.o(.text.SysTick_Handler)
    SystemClock_Config                       0x080079b9   Thumb Code   224  main.o(.text.SystemClock_Config)
    SystemInit                               0x08007a99   Thumb Code   238  system_stm32h7xx.o(.text.SystemInit)
    TIM3_IRQHandler                          0x08007b89   Thumb Code    12  stm32h7xx_it.o(.text.TIM3_IRQHandler)
    TIM7_IRQHandler                          0x08007b99   Thumb Code    12  stm32h7xx_it.o(.text.TIM7_IRQHandler)
    TIM_Base_SetConfig                       0x08007ba9   Thumb Code   346  stm32h7xx_hal_tim.o(.text.TIM_Base_SetConfig)
    UART_AdvFeatureConfig                    0x08007d09   Thumb Code   224  stm32h7xx_hal_uart.o(.text.UART_AdvFeatureConfig)
    UART_CheckIdleState                      0x08007de9   Thumb Code   374  stm32h7xx_hal_uart.o(.text.UART_CheckIdleState)
    UART_SetConfig                           0x08007f71   Thumb Code  1156  stm32h7xx_hal_uart.o(.text.UART_SetConfig)
    UART_WaitOnFlagUntilTimeout              0x08008401   Thumb Code   856  stm32h7xx_hal_uart.o(.text.UART_WaitOnFlagUntilTimeout)
    USART1_IRQHandler                        0x08008759   Thumb Code    12  stm32h7xx_it.o(.text.USART1_IRQHandler)
    USART3_IRQHandler                        0x08008769   Thumb Code    12  stm32h7xx_it.o(.text.USART3_IRQHandler)
    UsageFault_Handler                       0x08008779   Thumb Code     2  stm32h7xx_it.o(.text.UsageFault_Handler)
    arm_cfft_f32                             0x08008781   Thumb Code   880  transformfunctions.o(.text.arm_cfft_f32)
    arm_cfft_radix8by2_f32                   0x08008af1   Thumb Code   402  transformfunctions.o(.text.arm_cfft_radix8by2_f32)
    arm_cfft_radix8by4_f32                   0x08008c89   Thumb Code  1168  transformfunctions.o(.text.arm_cfft_radix8by4_f32)
    arm_cmplx_mag_f32                        0x08009119   Thumb Code    48  complexmathfunctions.o(.text.arm_cmplx_mag_f32)
    arm_radix8_butterfly_f32                 0x08009149   Thumb Code  1264  transformfunctions.o(.text.arm_radix8_butterfly_f32)
    endValuePack                             0x08009641   Thumb Code   180  valuepack.o(.text.endValuePack)
    fputc                                    0x080096f9   Thumb Code    32  main.o(.text.fputc)
    main                                     0x08009719   Thumb Code  5108  main.o(.text.main)
    putFloat                                 0x0800ab11   Thumb Code    88  valuepack.o(.text.putFloat)
    putShort                                 0x0800ab69   Thumb Code    58  valuepack.o(.text.putShort)
    startValuePack                           0x0800aba9   Thumb Code    26  valuepack.o(.text.startValuePack)
    __0printf$1                              0x0800abc5   Thumb Code    22  printf1.o(i.__0printf$1)
    __1printf$1                              0x0800abc5   Thumb Code     0  printf1.o(i.__0printf$1)
    __2printf                                0x0800abc5   Thumb Code     0  printf1.o(i.__0printf$1)
    __hardfp_cosf                            0x0800abe5   Thumb Code   280  cosf.o(i.__hardfp_cosf)
    __mathlib_flt_infnan                     0x0800ad35   Thumb Code     6  funder.o(i.__mathlib_flt_infnan)
    __mathlib_flt_invalid                    0x0800ad3d   Thumb Code    10  funder.o(i.__mathlib_flt_invalid)
    __mathlib_rredf2                         0x0800ad4d   Thumb Code   316  rredf.o(i.__mathlib_rredf2)
    __scatterload_copy                       0x0800aea1   Thumb Code    14  handlers.o(i.__scatterload_copy)
    __scatterload_null                       0x0800aeaf   Thumb Code     2  handlers.o(i.__scatterload_null)
    __scatterload_zeroinit                   0x0800aeb1   Thumb Code    14  handlers.o(i.__scatterload_zeroinit)
    __set_errno                              0x0800aec1   Thumb Code     6  errno.o(i.__set_errno)
    D1CorePrescTable                         0x0800b04c   Data          16  system_stm32h7xx.o(.rodata.D1CorePrescTable)
    UARTPrescTable                           0x0800b05c   Data          24  stm32h7xx_hal_uart.o(.rodata.UARTPrescTable)
    armBitRevIndexTable4096                  0x0800b074   Data        8064  commontables.o(.rodata.armBitRevIndexTable4096)
    arm_cfft_sR_f32_len4096                  0x0800cff4   Data          16  commontables.o(.rodata.arm_cfft_sR_f32_len4096)
    twiddleCoef_4096                         0x0800d014   Data       32768  commontables.o(.rodata.twiddleCoef_4096)
    Region$$Table$$Base                      0x08015014   Number         0  anon$$obj.o(Region$$Table)
    Region$$Table$$Limit                     0x08015034   Number         0  anon$$obj.o(Region$$Table)
    __stdout                                 0x24000000   Data           4  stdout.o(.data)
    period                                   0x24000008   Data           2  main.o(.data..L_MergedGlobals)
    SAMPLE_RATE                              0x2400000c   Data           4  main.o(.data..L_MergedGlobals)
    a0                                       0x24000010   Data           4  main.o(.data..L_MergedGlobals)
    a1                                       0x24000014   Data           4  main.o(.data..L_MergedGlobals)
    a2                                       0x24000018   Data           4  main.o(.data..L_MergedGlobals)
    a3                                       0x2400001c   Data           4  main.o(.data..L_MergedGlobals)
    a4                                       0x24000020   Data           4  main.o(.data..L_MergedGlobals)
    uwTickFreq                               0x24000024   Data           1  stm32h7xx_hal.o(.data..L_MergedGlobals)
    uwTickPrio                               0x24000028   Data           4  stm32h7xx_hal.o(.data..L_MergedGlobals)
    SystemCoreClock                          0x2400002c   Data           4  system_stm32h7xx.o(.data..L_MergedGlobals)
    SystemD2Clock                            0x24000030   Data           4  system_stm32h7xx.o(.data..L_MergedGlobals)
    valuepack_tx_bit_index                   0x24000038   Data           1  valuepack.o(.bss..L_MergedGlobals)
    valuepack_stage                          0x24000039   Data           1  valuepack.o(.bss..L_MergedGlobals)
    valuepack_tx_index                       0x2400003a   Data           2  valuepack.o(.bss..L_MergedGlobals)
    valuepack_tx_buffer                      0x2400003c   Data           4  valuepack.o(.bss..L_MergedGlobals)
    fi                                       0x24000040   Data           4  valuepack.o(.bss..L_MergedGlobals)
    adc_ready                                0x24000044   Data           1  main.o(.bss..L_MergedGlobals.1)
    send_flag                                0x24000045   Data           1  main.o(.bss..L_MergedGlobals.1)
    SampleMode                               0x24000046   Data           1  main.o(.bss..L_MergedGlobals.1)
    start                                    0x24000048   Data           2  main.o(.bss..L_MergedGlobals.1)
    THD                                      0x2400004c   Data           4  main.o(.bss..L_MergedGlobals.1)
    harm_power                               0x24000050   Data           4  main.o(.bss..L_MergedGlobals.1)
    f                                        0x24000054   Data           4  main.o(.bss..L_MergedGlobals.1)
    freq_est                                 0x24000058   Data           4  main.o(.bss..L_MergedGlobals.1)
    fund_value                               0x2400005c   Data           4  main.o(.bss..L_MergedGlobals.1)
    fund_index                               0x24000060   Data           4  main.o(.bss..L_MergedGlobals.1)
    amp_est                                  0x24000064   Data           4  main.o(.bss..L_MergedGlobals.1)
    prev_freq_est                            0x24000068   Data           4  main.o(.bss..L_MergedGlobals.1)
    unify_mag                                0x2400006c   Data          20  main.o(.bss..L_MergedGlobals.1)
    tx_buffer                                0x24000080   Data          25  main.o(.bss..L_MergedGlobals.1)
    adc_buf                                  0x2400009c   Data        8192  main.o(.bss.adc_buf)
    adc_norm                                 0x2400209c   Data       16384  main.o(.bss.adc_norm)
    adc_sent                                 0x2400609c   Data          50  main.o(.bss.adc_sent)
    adc_test3                                0x240060ce   Data        8192  main.o(.bss.adc_test3)
    fft_mag                                  0x240100d0   Data       16384  main.o(.bss.fft_mag)
    hadc1                                    0x240140d0   Data         100  adc.o(.bss.hadc1)
    hdma_adc1                                0x24014134   Data         120  adc.o(.bss.hdma_adc1)
    hdma_usart1_tx                           0x240141ac   Data         120  usart.o(.bss.hdma_usart1_tx)
    hdma_usart3_rx                           0x24014224   Data         120  usart.o(.bss.hdma_usart3_rx)
    hdma_usart3_tx                           0x2401429c   Data         120  usart.o(.bss.hdma_usart3_tx)
    hi2c1                                    0x24014314   Data          84  i2c.o(.bss.hi2c1)
    htim2                                    0x24014368   Data          76  tim.o(.bss.htim2)
    htim3                                    0x240143b4   Data          76  tim.o(.bss.htim3)
    htim7                                    0x24014400   Data          76  tim.o(.bss.htim7)
    huart1                                   0x2401444c   Data         148  usart.o(.bss.huart1)
    huart3                                   0x240144e0   Data         148  usart.o(.bss.huart3)
    uwTick                                   0x2401c578   Data           4  stm32h7xx_hal.o(.bss.uwTick)
    windowed_buf                             0x2401c57c   Data       16384  main.o(.bss.windowed_buf)
    windowing                                0x2402057c   Data       16384  main.o(.bss.windowing)
    __initial_sp                             0x24025580   Data           0  startup_stm32h750xx.o(STACK)



==============================================================================

Memory Map of the image

  Image Entry point : 0x08000299

  Load Region LR_IROM1 (Base: 0x08000000, Size: 0x00015070, Max: 0x00200000, ABSOLUTE)

    Execution Region ER_IROM1 (Exec base: 0x08000000, Load base: 0x08000000, Size: 0x00015034, Max: 0x00200000, ABSOLUTE)

    Exec Addr    Load Addr    Size         Type   Attr      Idx    E Section Name        Object

    0x08000000   0x08000000   0x00000298   Data   RO            3    RESET               startup_stm32h750xx.o
    0x08000298   0x08000298   0x00000000   Code   RO         3778  * .ARM.Collect$$$$00000000  mc_w.l(entry.o)
    0x08000298   0x08000298   0x00000004   Code   RO         4101    .ARM.Collect$$$$00000001  mc_w.l(entry2.o)
    0x0800029c   0x0800029c   0x00000004   Code   RO         4104    .ARM.Collect$$$$00000004  mc_w.l(entry5.o)
    0x080002a0   0x080002a0   0x00000000   Code   RO         4106    .ARM.Collect$$$$00000008  mc_w.l(entry7b.o)
    0x080002a0   0x080002a0   0x00000000   Code   RO         4108    .ARM.Collect$$$$0000000A  mc_w.l(entry8b.o)
    0x080002a0   0x080002a0   0x00000008   Code   RO         4109    .ARM.Collect$$$$0000000B  mc_w.l(entry9a.o)
    0x080002a8   0x080002a8   0x00000000   Code   RO         4111    .ARM.Collect$$$$0000000D  mc_w.l(entry10a.o)
    0x080002a8   0x080002a8   0x00000000   Code   RO         4113    .ARM.Collect$$$$0000000F  mc_w.l(entry11a.o)
    0x080002a8   0x080002a8   0x00000004   Code   RO         4102    .ARM.Collect$$$$00002712  mc_w.l(entry2.o)
    0x080002ac   0x080002ac   0x0000002c   Code   RO            4    .text               startup_stm32h750xx.o
    0x080002d8   0x080002d8   0x00000062   Code   RO         3790    .text               mc_w.l(uldiv.o)
    0x0800033a   0x0800033a   0x00000024   Code   RO         3794    .text               mc_w.l(memcpya.o)
    0x0800035e   0x0800035e   0x00000024   Code   RO         3796    .text               mc_w.l(memseta.o)
    0x08000382   0x08000382   0x0000002c   Code   RO         4125    .text               mc_w.l(uidiv.o)
    0x080003ae   0x080003ae   0x0000001e   Code   RO         4127    .text               mc_w.l(llshl.o)
    0x080003cc   0x080003cc   0x00000020   Code   RO         4129    .text               mc_w.l(llushr.o)
    0x080003ec   0x080003ec   0x00000000   Code   RO         4138    .text               mc_w.l(iusefp.o)
    0x080003ec   0x080003ec   0x00000030   Code   RO         4151    .text               mc_w.l(init.o)
    0x0800041c   0x0800041c   0x00000004   PAD
    0x08000420   0x08000420   0x0000012c   Code   RO          208    .text.ADC_ConfigureBoostMode  stm32h7xx_hal_adc.o
    0x0800054c   0x0800054c   0x00000004   PAD
    0x08000550   0x08000550   0x000000f4   Code   RO          212    .text.ADC_ConversionStop  stm32h7xx_hal_adc.o
    0x08000644   0x08000644   0x00000004   PAD
    0x08000648   0x08000648   0x0000005e   Code   RO          234    .text.ADC_DMAConvCplt  stm32h7xx_hal_adc.o
    0x080006a6   0x080006a6   0x00000002   PAD
    0x080006a8   0x080006a8   0x00000016   Code   RO          238    .text.ADC_DMAError  stm32h7xx_hal_adc.o
    0x080006be   0x080006be   0x00000002   PAD
    0x080006c0   0x080006c0   0x00000006   Code   RO          236    .text.ADC_DMAHalfConvCplt  stm32h7xx_hal_adc.o
    0x080006c6   0x080006c6   0x00000002   PAD
    0x080006c8   0x080006c8   0x000000ae   Code   RO          220    .text.ADC_Enable    stm32h7xx_hal_adc.o
    0x08000776   0x08000776   0x00000002   PAD
    0x08000778   0x08000778   0x0000000c   Code   RO          177    .text.ADC_IRQHandler  stm32h7xx_it.o
    0x08000784   0x08000784   0x00000004   PAD
    0x08000788   0x08000788   0x00000002   Code   RO          157    .text.BusFault_Handler  stm32h7xx_it.o
    0x0800078a   0x0800078a   0x00000006   PAD
    0x08000790   0x08000790   0x0000000c   Code   RO          169    .text.DMA1_Stream0_IRQHandler  stm32h7xx_it.o
    0x0800079c   0x0800079c   0x00000004   PAD
    0x080007a0   0x080007a0   0x0000000c   Code   RO          171    .text.DMA1_Stream1_IRQHandler  stm32h7xx_it.o
    0x080007ac   0x080007ac   0x00000004   PAD
    0x080007b0   0x080007b0   0x0000000c   Code   RO          173    .text.DMA1_Stream2_IRQHandler  stm32h7xx_it.o
    0x080007bc   0x080007bc   0x00000004   PAD
    0x080007c0   0x080007c0   0x0000000c   Code   RO          175    .text.DMA1_Stream3_IRQHandler  stm32h7xx_it.o
    0x080007cc   0x080007cc   0x00000004   PAD
    0x080007d0   0x080007d0   0x00000128   Code   RO          555    .text.DMA_CalcBaseAndBitshift  stm32h7xx_hal_dma.o
    0x080008f8   0x080008f8   0x00000308   Code   RO          561    .text.DMA_SetConfig  stm32h7xx_hal_dma.o
    0x08000c00   0x08000c00   0x00000002   Code   RO          163    .text.DebugMon_Handler  stm32h7xx_it.o
    0x08000c02   0x08000c02   0x00000006   PAD
    0x08000c08   0x08000c08   0x00000008   Code   RO          179    .text.EXTI9_5_IRQHandler  stm32h7xx_it.o
    0x08000c10   0x08000c10   0x0000000a   Code   RO           31    .text.Error_Handler  main.o
    0x08000c1a   0x08000c1a   0x00000006   PAD
    0x08000c20   0x08000c20   0x0000002c   Code   RO         1666    .text.ExitRun0Mode  system_stm32h7xx.o
    0x08000c4c   0x08000c4c   0x00000004   PAD
    0x08000c50   0x08000c50   0x00000002   Code   RO          308    .text.HAL_ADCEx_EndOfSamplingCallback  stm32h7xx_hal_adc_ex.o
    0x08000c52   0x08000c52   0x00000006   PAD
    0x08000c58   0x08000c58   0x00000002   Code   RO          300    .text.HAL_ADCEx_InjectedConvCpltCallback  stm32h7xx_hal_adc_ex.o
    0x08000c5a   0x08000c5a   0x00000006   PAD
    0x08000c60   0x08000c60   0x00000002   Code   RO          302    .text.HAL_ADCEx_InjectedQueueOverflowCallback  stm32h7xx_hal_adc_ex.o
    0x08000c62   0x08000c62   0x00000006   PAD
    0x08000c68   0x08000c68   0x00000002   Code   RO          304    .text.HAL_ADCEx_LevelOutOfWindow2Callback  stm32h7xx_hal_adc_ex.o
    0x08000c6a   0x08000c6a   0x00000006   PAD
    0x08000c70   0x08000c70   0x00000002   Code   RO          306    .text.HAL_ADCEx_LevelOutOfWindow3Callback  stm32h7xx_hal_adc_ex.o
    0x08000c72   0x08000c72   0x00000006   PAD
    0x08000c78   0x08000c78   0x000000b0   Code   RO          320    .text.HAL_ADCEx_MultiModeConfigChannel  stm32h7xx_hal_adc_ex.o
    0x08000d28   0x08000d28   0x000004f4   Code   RO          254    .text.HAL_ADC_ConfigChannel  stm32h7xx_hal_adc.o
    0x0800121c   0x0800121c   0x00000004   PAD
    0x08001220   0x08001220   0x00000030   Code   RO           21    .text.HAL_ADC_ConvCpltCallback  main.o
    0x08001250   0x08001250   0x00000002   Code   RO          252    .text.HAL_ADC_ConvHalfCpltCallback  stm32h7xx_hal_adc.o
    0x08001252   0x08001252   0x00000006   PAD
    0x08001258   0x08001258   0x00000002   Code   RO          250    .text.HAL_ADC_ErrorCallback  stm32h7xx_hal_adc.o
    0x0800125a   0x0800125a   0x00000006   PAD
    0x08001260   0x08001260   0x000002ba   Code   RO          244    .text.HAL_ADC_IRQHandler  stm32h7xx_hal_adc.o
    0x0800151a   0x0800151a   0x00000006   PAD
    0x08001520   0x08001520   0x0000026e   Code   RO          204    .text.HAL_ADC_Init  stm32h7xx_hal_adc.o
    0x0800178e   0x0800178e   0x00000002   PAD
    0x08001790   0x08001790   0x00000002   Code   RO          248    .text.HAL_ADC_LevelOutOfWindowCallback  stm32h7xx_hal_adc.o
    0x08001792   0x08001792   0x00000006   PAD
    0x08001798   0x08001798   0x000000f0   Code   RO           71    .text.HAL_ADC_MspInit  adc.o
    0x08001888   0x08001888   0x00000104   Code   RO          232    .text.HAL_ADC_Start_DMA  stm32h7xx_hal_adc.o
    0x0800198c   0x0800198c   0x00000004   PAD
    0x08001990   0x08001990   0x00000144   Code   RO          240    .text.HAL_ADC_Stop_DMA  stm32h7xx_hal_adc.o
    0x08001ad4   0x08001ad4   0x00000004   PAD
    0x08001ad8   0x08001ad8   0x0000052e   Code   RO          565    .text.HAL_DMA_Abort  stm32h7xx_hal_dma.o
    0x08002006   0x08002006   0x00000002   PAD
    0x08002008   0x08002008   0x000002b8   Code   RO          567    .text.HAL_DMA_Abort_IT  stm32h7xx_hal_dma.o
    0x080022c0   0x080022c0   0x00000818   Code   RO          571    .text.HAL_DMA_IRQHandler  stm32h7xx_hal_dma.o
    0x08002ad8   0x08002ad8   0x00000666   Code   RO          553    .text.HAL_DMA_Init  stm32h7xx_hal_dma.o
    0x0800313e   0x0800313e   0x00000002   PAD
    0x08003140   0x08003140   0x000003a6   Code   RO          563    .text.HAL_DMA_Start_IT  stm32h7xx_hal_dma.o
    0x080034e6   0x080034e6   0x00000002   PAD
    0x080034e8   0x080034e8   0x00000028   Code   RO          863    .text.HAL_Delay     stm32h7xx_hal.o
    0x08003510   0x08003510   0x00000014   Code   RO           23    .text.HAL_GPIO_EXTI_Callback  main.o
    0x08003524   0x08003524   0x00000004   PAD
    0x08003528   0x08003528   0x00000014   Code   RO          511    .text.HAL_GPIO_EXTI_IRQHandler  stm32h7xx_hal_gpio.o
    0x0800353c   0x0800353c   0x00000004   PAD
    0x08003540   0x08003540   0x000001a2   Code   RO          499    .text.HAL_GPIO_Init  stm32h7xx_hal_gpio.o
    0x080036e2   0x080036e2   0x00000006   PAD
    0x080036e8   0x080036e8   0x0000000a   Code   RO          505    .text.HAL_GPIO_WritePin  stm32h7xx_hal_gpio.o
    0x080036f2   0x080036f2   0x00000006   PAD
    0x080036f8   0x080036f8   0x0000000e   Code   RO          871    .text.HAL_GetREVID  stm32h7xx_hal.o
    0x08003706   0x08003706   0x00000002   PAD
    0x08003708   0x08003708   0x0000000c   Code   RO          855    .text.HAL_GetTick   stm32h7xx_hal.o
    0x08003714   0x08003714   0x00000004   PAD
    0x08003718   0x08003718   0x0000004a   Code   RO         1103    .text.HAL_I2CEx_ConfigAnalogFilter  stm32h7xx_hal_i2c_ex.o
    0x08003762   0x08003762   0x00000006   PAD
    0x08003768   0x08003768   0x00000048   Code   RO         1105    .text.HAL_I2CEx_ConfigDigitalFilter  stm32h7xx_hal_i2c_ex.o
    0x080037b0   0x080037b0   0x000000ae   Code   RO          949    .text.HAL_I2C_Init  stm32h7xx_hal_i2c.o
    0x0800385e   0x0800385e   0x00000002   PAD
    0x08003860   0x08003860   0x00000086   Code   RO           96    .text.HAL_I2C_MspInit  i2c.o
    0x080038e6   0x080038e6   0x00000002   PAD
    0x080038e8   0x080038e8   0x0000001a   Code   RO          853    .text.HAL_IncTick   stm32h7xx_hal.o
    0x08003902   0x08003902   0x00000006   PAD
    0x08003908   0x08003908   0x00000064   Code   RO          843    .text.HAL_Init      stm32h7xx_hal.o
    0x0800396c   0x0800396c   0x00000004   PAD
    0x08003970   0x08003970   0x0000004c   Code   RO          845    .text.HAL_InitTick  stm32h7xx_hal.o
    0x080039bc   0x080039bc   0x00000004   PAD
    0x080039c0   0x080039c0   0x0000005e   Code   RO          813    .text.HAL_MPU_ConfigRegion  stm32h7xx_hal_cortex.o
    0x08003a1e   0x08003a1e   0x00000002   PAD
    0x08003a20   0x08003a20   0x0000001a   Code   RO          805    .text.HAL_MPU_Disable  stm32h7xx_hal_cortex.o
    0x08003a3a   0x08003a3a   0x00000006   PAD
    0x08003a40   0x08003a40   0x00000020   Code   RO          807    .text.HAL_MPU_Enable  stm32h7xx_hal_cortex.o
    0x08003a60   0x08003a60   0x00000020   Code   RO          196    .text.HAL_MspInit   stm32h7xx_hal_msp.o
    0x08003a80   0x08003a80   0x00000022   Code   RO          795    .text.HAL_NVIC_EnableIRQ  stm32h7xx_hal_cortex.o
    0x08003aa2   0x08003aa2   0x00000006   PAD
    0x08003aa8   0x08003aa8   0x0000005a   Code   RO          793    .text.HAL_NVIC_SetPriority  stm32h7xx_hal_cortex.o
    0x08003b02   0x08003b02   0x00000006   PAD
    0x08003b08   0x08003b08   0x00000020   Code   RO          791    .text.HAL_NVIC_SetPriorityGrouping  stm32h7xx_hal_cortex.o
    0x08003b28   0x08003b28   0x0000004c   Code   RO          703    .text.HAL_PWREx_ConfigSupply  stm32h7xx_hal_pwr_ex.o
    0x08003b74   0x08003b74   0x00000004   PAD
    0x08003b78   0x08003b78   0x00000026   Code   RO          390    .text.HAL_RCCEx_GetD3PCLK1Freq  stm32h7xx_hal_rcc_ex.o
    0x08003b9e   0x08003b9e   0x00000002   PAD
    0x08003ba0   0x08003ba0   0x00000134   Code   RO          384    .text.HAL_RCCEx_GetPLL1ClockFreq  stm32h7xx_hal_rcc_ex.o
    0x08003cd4   0x08003cd4   0x00000004   PAD
    0x08003cd8   0x08003cd8   0x0000012c   Code   RO          386    .text.HAL_RCCEx_GetPLL2ClockFreq  stm32h7xx_hal_rcc_ex.o
    0x08003e04   0x08003e04   0x00000004   PAD
    0x08003e08   0x08003e08   0x0000012c   Code   RO          388    .text.HAL_RCCEx_GetPLL3ClockFreq  stm32h7xx_hal_rcc_ex.o
    0x08003f34   0x08003f34   0x00000004   PAD
    0x08003f38   0x08003f38   0x000003ae   Code   RO          382    .text.HAL_RCCEx_GetPeriphCLKFreq  stm32h7xx_hal_rcc_ex.o
    0x080042e6   0x080042e6   0x00000002   PAD
    0x080042e8   0x080042e8   0x00000b3c   Code   RO          374    .text.HAL_RCCEx_PeriphCLKConfig  stm32h7xx_hal_rcc_ex.o
    0x08004e24   0x08004e24   0x00000004   PAD
    0x08004e28   0x08004e28   0x00000268   Code   RO          342    .text.HAL_RCC_ClockConfig  stm32h7xx_hal_rcc.o
    0x08005090   0x08005090   0x0000004c   Code   RO          352    .text.HAL_RCC_GetHCLKFreq  stm32h7xx_hal_rcc.o
    0x080050dc   0x080050dc   0x00000004   PAD
    0x080050e0   0x080050e0   0x00000060   Code   RO          354    .text.HAL_RCC_GetPCLK1Freq  stm32h7xx_hal_rcc.o
    0x08005140   0x08005140   0x00000060   Code   RO          356    .text.HAL_RCC_GetPCLK2Freq  stm32h7xx_hal_rcc.o
    0x080051a0   0x080051a0   0x00000118   Code   RO          344    .text.HAL_RCC_GetSysClockFreq  stm32h7xx_hal_rcc.o
    0x080052b8   0x080052b8   0x0000056c   Code   RO          340    .text.HAL_RCC_OscConfig  stm32h7xx_hal_rcc.o
    0x08005824   0x08005824   0x00000004   PAD
    0x08005828   0x08005828   0x0000002e   Code   RO          803    .text.HAL_SYSTICK_Config  stm32h7xx_hal_cortex.o
    0x08005856   0x08005856   0x00000002   PAD
    0x08005858   0x08005858   0x00000002   Code   RO         1462    .text.HAL_TIMEx_Break2Callback  stm32h7xx_hal_tim_ex.o
    0x0800585a   0x0800585a   0x00000006   PAD
    0x08005860   0x08005860   0x00000002   Code   RO         1460    .text.HAL_TIMEx_BreakCallback  stm32h7xx_hal_tim_ex.o
    0x08005862   0x08005862   0x00000006   PAD
    0x08005868   0x08005868   0x00000002   Code   RO         1456    .text.HAL_TIMEx_CommutCallback  stm32h7xx_hal_tim_ex.o
    0x0800586a   0x0800586a   0x00000006   PAD
    0x08005870   0x08005870   0x000000ce   Code   RO         1444    .text.HAL_TIMEx_MasterConfigSynchronization  stm32h7xx_hal_tim_ex.o
    0x0800593e   0x0800593e   0x00000002   PAD
    0x08005940   0x08005940   0x00000060   Code   RO         1149    .text.HAL_TIM_Base_Init  stm32h7xx_hal_tim.o
    0x080059a0   0x080059a0   0x000000a4   Code   RO          115    .text.HAL_TIM_Base_MspInit  tim.o
    0x08005a44   0x08005a44   0x00000004   PAD
    0x08005a48   0x08005a48   0x000000ac   Code   RO         1159    .text.HAL_TIM_Base_Start  stm32h7xx_hal_tim.o
    0x08005af4   0x08005af4   0x00000004   PAD
    0x08005af8   0x08005af8   0x000000b4   Code   RO         1163    .text.HAL_TIM_Base_Start_IT  stm32h7xx_hal_tim.o
    0x08005bac   0x08005bac   0x00000004   PAD
    0x08005bb0   0x08005bb0   0x0000003c   Code   RO         1165    .text.HAL_TIM_Base_Stop_IT  stm32h7xx_hal_tim.o
    0x08005bec   0x08005bec   0x00000004   PAD
    0x08005bf0   0x08005bf0   0x00000200   Code   RO         1329    .text.HAL_TIM_ConfigClockSource  stm32h7xx_hal_tim.o
    0x08005df0   0x08005df0   0x00000002   Code   RO         1285    .text.HAL_TIM_IC_CaptureCallback  stm32h7xx_hal_tim.o
    0x08005df2   0x08005df2   0x00000006   PAD
    0x08005df8   0x08005df8   0x0000016c   Code   RO         1283    .text.HAL_TIM_IRQHandler  stm32h7xx_hal_tim.o
    0x08005f64   0x08005f64   0x00000004   PAD
    0x08005f68   0x08005f68   0x00000416   Code   RO         1295    .text.HAL_TIM_OC_ConfigChannel  stm32h7xx_hal_tim.o
    0x0800637e   0x0800637e   0x00000002   PAD
    0x08006380   0x08006380   0x00000002   Code   RO         1287    .text.HAL_TIM_OC_DelayElapsedCallback  stm32h7xx_hal_tim.o
    0x08006382   0x08006382   0x00000006   PAD
    0x08006388   0x08006388   0x00000060   Code   RO         1177    .text.HAL_TIM_OC_Init  stm32h7xx_hal_tim.o
    0x080063e8   0x080063e8   0x00000002   Code   RO         1179    .text.HAL_TIM_OC_MspInit  stm32h7xx_hal_tim.o
    0x080063ea   0x080063ea   0x00000006   PAD
    0x080063f0   0x080063f0   0x00000002   Code   RO         1289    .text.HAL_TIM_PWM_PulseFinishedCallback  stm32h7xx_hal_tim.o
    0x080063f2   0x080063f2   0x00000006   PAD
    0x080063f8   0x080063f8   0x00000174   Code   RO           25    .text.HAL_TIM_PeriodElapsedCallback  main.o
    0x0800656c   0x0800656c   0x00000004   PAD
    0x08006570   0x08006570   0x00000002   Code   RO         1293    .text.HAL_TIM_TriggerCallback  stm32h7xx_hal_tim.o
    0x08006572   0x08006572   0x00000006   PAD
    0x08006578   0x08006578   0x00000036   Code   RO         1639    .text.HAL_UARTEx_DisableFifoMode  stm32h7xx_hal_uart_ex.o
    0x080065ae   0x080065ae   0x00000002   PAD
    0x080065b0   0x080065b0   0x00000002   Code   RO         1566    .text.HAL_UARTEx_RxEventCallback  stm32h7xx_hal_uart.o
    0x080065b2   0x080065b2   0x00000006   PAD
    0x080065b8   0x080065b8   0x00000002   Code   RO         1625    .text.HAL_UARTEx_RxFifoFullCallback  stm32h7xx_hal_uart_ex.o
    0x080065ba   0x080065ba   0x00000006   PAD
    0x080065c0   0x080065c0   0x00000090   Code   RO         1643    .text.HAL_UARTEx_SetRxFifoThreshold  stm32h7xx_hal_uart_ex.o
    0x08006650   0x08006650   0x00000090   Code   RO         1641    .text.HAL_UARTEx_SetTxFifoThreshold  stm32h7xx_hal_uart_ex.o
    0x080066e0   0x080066e0   0x00000002   Code   RO         1627    .text.HAL_UARTEx_TxFifoEmptyCallback  stm32h7xx_hal_uart_ex.o
    0x080066e2   0x080066e2   0x00000006   PAD
    0x080066e8   0x080066e8   0x00000002   Code   RO         1623    .text.HAL_UARTEx_WakeupCallback  stm32h7xx_hal_uart_ex.o
    0x080066ea   0x080066ea   0x00000006   PAD
    0x080066f0   0x080066f0   0x00000002   Code   RO         1564    .text.HAL_UART_ErrorCallback  stm32h7xx_hal_uart.o
    0x080066f2   0x080066f2   0x00000006   PAD
    0x080066f8   0x080066f8   0x00000772   Code   RO         1560    .text.HAL_UART_IRQHandler  stm32h7xx_hal_uart.o
    0x08006e6a   0x08006e6a   0x00000006   PAD
    0x08006e70   0x08006e70   0x00000064   Code   RO         1476    .text.HAL_UART_Init  stm32h7xx_hal_uart.o
    0x08006ed4   0x08006ed4   0x00000004   PAD
    0x08006ed8   0x08006ed8   0x00000200   Code   RO          134    .text.HAL_UART_MspInit  usart.o
    0x080070d8   0x080070d8   0x00000198   Code   RO         1496    .text.HAL_UART_Transmit  stm32h7xx_hal_uart.o
    0x08007270   0x08007270   0x00000002   Code   RO         1568    .text.HAL_UART_TxCpltCallback  stm32h7xx_hal_uart.o
    0x08007272   0x08007272   0x00000006   PAD
    0x08007278   0x08007278   0x00000002   Code   RO          153    .text.HardFault_Handler  stm32h7xx_it.o
    0x0800727a   0x0800727a   0x00000006   PAD
    0x08007280   0x08007280   0x000000b0   Code   RO           69    .text.MX_ADC1_Init  adc.o
    0x08007330   0x08007330   0x00000064   Code   RO           85    .text.MX_DMA_Init   dma.o
    0x08007394   0x08007394   0x00000004   PAD
    0x08007398   0x08007398   0x000000c0   Code   RO           59    .text.MX_GPIO_Init  gpio.o
    0x08007458   0x08007458   0x0000006a   Code   RO           94    .text.MX_I2C1_Init  i2c.o
    0x080074c2   0x080074c2   0x00000006   PAD
    0x080074c8   0x080074c8   0x000000b0   Code   RO          109    .text.MX_TIM2_Init  tim.o
    0x08007578   0x08007578   0x00000074   Code   RO          111    .text.MX_TIM3_Init  tim.o
    0x080075ec   0x080075ec   0x00000004   PAD
    0x080075f0   0x080075f0   0x0000004e   Code   RO          113    .text.MX_TIM7_Init  tim.o
    0x0800763e   0x0800763e   0x00000002   PAD
    0x08007640   0x08007640   0x0000007c   Code   RO          130    .text.MX_USART1_UART_Init  usart.o
    0x080076bc   0x080076bc   0x00000004   PAD
    0x080076c0   0x080076c0   0x0000007c   Code   RO          132    .text.MX_USART3_UART_Init  usart.o
    0x0800773c   0x0800773c   0x00000004   PAD
    0x08007740   0x08007740   0x00000002   Code   RO          155    .text.MemManage_Handler  stm32h7xx_it.o
    0x08007742   0x08007742   0x00000006   PAD
    0x08007748   0x08007748   0x00000002   Code   RO          151    .text.NMI_Handler   stm32h7xx_it.o
    0x0800774a   0x0800774a   0x00000006   PAD
    0x08007750   0x08007750   0x00000002   Code   RO          165    .text.PendSV_Handler  stm32h7xx_it.o
    0x08007752   0x08007752   0x00000006   PAD
    0x08007758   0x08007758   0x00000122   Code   RO          376    .text.RCCEx_PLL2_Config  stm32h7xx_hal_rcc_ex.o
    0x0800787a   0x0800787a   0x00000006   PAD
    0x08007880   0x08007880   0x00000122   Code   RO          378    .text.RCCEx_PLL3_Config  stm32h7xx_hal_rcc_ex.o
    0x080079a2   0x080079a2   0x00000006   PAD
    0x080079a8   0x080079a8   0x00000002   Code   RO          161    .text.SVC_Handler   stm32h7xx_it.o
    0x080079aa   0x080079aa   0x00000006   PAD
    0x080079b0   0x080079b0   0x00000004   Code   RO          167    .text.SysTick_Handler  stm32h7xx_it.o
    0x080079b4   0x080079b4   0x00000004   PAD
    0x080079b8   0x080079b8   0x000000e0   Code   RO           29    .text.SystemClock_Config  main.o
    0x08007a98   0x08007a98   0x000000ee   Code   RO         1662    .text.SystemInit    system_stm32h7xx.o
    0x08007b86   0x08007b86   0x00000002   PAD
    0x08007b88   0x08007b88   0x0000000c   Code   RO          181    .text.TIM3_IRQHandler  stm32h7xx_it.o
    0x08007b94   0x08007b94   0x00000004   PAD
    0x08007b98   0x08007b98   0x0000000c   Code   RO          187    .text.TIM7_IRQHandler  stm32h7xx_it.o
    0x08007ba4   0x08007ba4   0x00000004   PAD
    0x08007ba8   0x08007ba8   0x0000015a   Code   RO         1153    .text.TIM_Base_SetConfig  stm32h7xx_hal_tim.o
    0x08007d02   0x08007d02   0x00000006   PAD
    0x08007d08   0x08007d08   0x000000e0   Code   RO         1480    .text.UART_AdvFeatureConfig  stm32h7xx_hal_uart.o
    0x08007de8   0x08007de8   0x00000176   Code   RO         1484    .text.UART_CheckIdleState  stm32h7xx_hal_uart.o
    0x08007f5e   0x08007f5e   0x00000002   PAD
    0x08007f60   0x08007f60   0x0000000c   Code   RO         1562    .text.UART_DMAAbortOnError  stm32h7xx_hal_uart.o
    0x08007f6c   0x08007f6c   0x00000004   PAD
    0x08007f70   0x08007f70   0x0000048c   Code   RO         1482    .text.UART_SetConfig  stm32h7xx_hal_uart.o
    0x080083fc   0x080083fc   0x00000004   PAD
    0x08008400   0x08008400   0x00000358   Code   RO         1498    .text.UART_WaitOnFlagUntilTimeout  stm32h7xx_hal_uart.o
    0x08008758   0x08008758   0x0000000c   Code   RO          183    .text.USART1_IRQHandler  stm32h7xx_it.o
    0x08008764   0x08008764   0x00000004   PAD
    0x08008768   0x08008768   0x0000000c   Code   RO          185    .text.USART3_IRQHandler  stm32h7xx_it.o
    0x08008774   0x08008774   0x00000004   PAD
    0x08008778   0x08008778   0x00000002   Code   RO          159    .text.UsageFault_Handler  stm32h7xx_it.o
    0x0800877a   0x0800877a   0x00000006   PAD
    0x08008780   0x08008780   0x00000370   Code   RO         3277    .text.arm_cfft_f32  transformfunctions.o
    0x08008af0   0x08008af0   0x00000192   Code   RO         3271    .text.arm_cfft_radix8by2_f32  transformfunctions.o
    0x08008c82   0x08008c82   0x00000006   PAD
    0x08008c88   0x08008c88   0x00000490   Code   RO         3275    .text.arm_cfft_radix8by4_f32  transformfunctions.o
    0x08009118   0x08009118   0x00000030   Code   RO         2188    .text.arm_cmplx_mag_f32  complexmathfunctions.o
    0x08009148   0x08009148   0x000004f4   Code   RO         3273    .text.arm_radix8_butterfly_f32  transformfunctions.o
    0x0800963c   0x0800963c   0x00000004   PAD
    0x08009640   0x08009640   0x000000b4   Code   RO         1690    .text.endValuePack  valuepack.o
    0x080096f4   0x080096f4   0x00000004   PAD
    0x080096f8   0x080096f8   0x00000020   Code   RO           11    .text.fputc         main.o
    0x08009718   0x08009718   0x000013f4   Code   RO           27    .text.main          main.o
    0x0800ab0c   0x0800ab0c   0x00000004   PAD
    0x0800ab10   0x0800ab10   0x00000058   Code   RO         1688    .text.putFloat      valuepack.o
    0x0800ab68   0x0800ab68   0x0000003a   Code   RO         1684    .text.putShort      valuepack.o
    0x0800aba2   0x0800aba2   0x00000006   PAD
    0x0800aba8   0x0800aba8   0x0000001a   Code   RO         1678    .text.startValuePack  valuepack.o
    0x0800abc2   0x0800abc2   0x00000002   PAD
    0x0800abc4   0x0800abc4   0x00000020   Code   RO         3847    i.__0printf$1       mc_w.l(printf1.o)
    0x0800abe4   0x0800abe4   0x00000150   Code   RO         3731    i.__hardfp_cosf     m_wv.l(cosf.o)
    0x0800ad34   0x0800ad34   0x00000006   Code   RO         4082    i.__mathlib_flt_infnan  m_wv.l(funder.o)
    0x0800ad3a   0x0800ad3a   0x00000002   PAD
    0x0800ad3c   0x0800ad3c   0x00000010   Code   RO         4084    i.__mathlib_flt_invalid  m_wv.l(funder.o)
    0x0800ad4c   0x0800ad4c   0x00000154   Code   RO         4098    i.__mathlib_rredf2  m_wv.l(rredf.o)
    0x0800aea0   0x0800aea0   0x0000000e   Code   RO         4159    i.__scatterload_copy  mc_w.l(handlers.o)
    0x0800aeae   0x0800aeae   0x00000002   Code   RO         4160    i.__scatterload_null  mc_w.l(handlers.o)
    0x0800aeb0   0x0800aeb0   0x0000000e   Code   RO         4161    i.__scatterload_zeroinit  mc_w.l(handlers.o)
    0x0800aebe   0x0800aebe   0x00000002   PAD
    0x0800aec0   0x0800aec0   0x0000000c   Code   RO         4133    i.__set_errno       mc_w.l(errno.o)
    0x0800aecc   0x0800aecc   0x00000154   Code   RO         3854    i._printf_core      mc_w.l(printf1.o)
    0x0800b020   0x0800b020   0x00000020   Data   RO         4099    .constdata          m_wv.l(rredf.o)
    0x0800b040   0x0800b040   0x00000006   Data   RO         1611    .rodata..Lswitch.table.UART_SetConfig.5  stm32h7xx_hal_uart.o
    0x0800b046   0x0800b046   0x00000006   Data   RO         1612    .rodata..Lswitch.table.UART_SetConfig.7  stm32h7xx_hal_uart.o
    0x0800b04c   0x0800b04c   0x00000010   Data   RO         1668    .rodata.D1CorePrescTable  system_stm32h7xx.o
    0x0800b05c   0x0800b05c   0x00000018   Data   RO         1610    .rodata.UARTPrescTable  stm32h7xx_hal_uart.o
    0x0800b074   0x0800b074   0x00001f80   Data   RO         2007    .rodata.armBitRevIndexTable4096  commontables.o
    0x0800cff4   0x0800cff4   0x00000010   Data   RO         2087    .rodata.arm_cfft_sR_f32_len4096  commontables.o
    0x0800d004   0x0800d004   0x00000010   Data   RO         1653    .rodata.cst8        stm32h7xx_hal_uart_ex.o
    0x0800d014   0x0800d014   0x00008000   Data   RO         1971    .rodata.twiddleCoef_4096  commontables.o
    0x08015014   0x08015014   0x00000020   Data   RO         4158    Region$$Table       anon$$obj.o


    Execution Region RW_IRAM1 (Exec base: 0x20000000, Load base: 0x08015034, Size: 0x00000000, Max: 0x00020000, ABSOLUTE)

    **** No section assigned to this execution region ****


    Execution Region RW_IRAM2 (Exec base: 0x24000000, Load base: 0x08015038, Size: 0x00025580, Max: 0x00080000, ABSOLUTE)

    Exec Addr    Load Addr    Size         Type   Attr      Idx    E Section Name        Object

    0x24000000   0x08015038   0x00000004   Data   RW         4115    .data               mc_w.l(stdout.o)
    0x24000004   0x0801503c   0x00000004   Data   RW         4134    .data               mc_w.l(errno.o)
    0x24000008   0x08015040   0x0000001c   Data   RW           49    .data..L_MergedGlobals  main.o
    0x24000024   0x0801505c   0x00000008   Data   RW          940    .data..L_MergedGlobals  stm32h7xx_hal.o
    0x2400002c   0x08015064   0x00000008   Data   RW         1669    .data..L_MergedGlobals  system_stm32h7xx.o
    0x24000034   0x0801506c   0x00000004   PAD
    0x24000038        -       0x0000000c   Zero   RW         1692    .bss..L_MergedGlobals  valuepack.o
    0x24000044        -       0x00000055   Zero   RW           50    .bss..L_MergedGlobals.1  main.o
    0x24000099   0x0801506c   0x00000003   PAD
    0x2400009c        -       0x00002000   Zero   RW           38    .bss.adc_buf        main.o
    0x2400209c        -       0x00004000   Zero   RW           39    .bss.adc_norm       main.o
    0x2400609c        -       0x00000032   Zero   RW           37    .bss.adc_sent       main.o
    0x240060ce        -       0x00002000   Zero   RW           42    .bss.adc_test3      main.o
    0x240080ce   0x0801506c   0x00000002   PAD
    0x240080d0        -       0x00008000   Zero   RW           34    .bss.fft_input      main.o
    0x240100d0        -       0x00004000   Zero   RW           41    .bss.fft_mag        main.o
    0x240140d0        -       0x00000064   Zero   RW           75    .bss.hadc1          adc.o
    0x24014134        -       0x00000078   Zero   RW           76    .bss.hdma_adc1      adc.o
    0x240141ac        -       0x00000078   Zero   RW          140    .bss.hdma_usart1_tx  usart.o
    0x24014224        -       0x00000078   Zero   RW          142    .bss.hdma_usart3_rx  usart.o
    0x2401429c        -       0x00000078   Zero   RW          141    .bss.hdma_usart3_tx  usart.o
    0x24014314        -       0x00000054   Zero   RW          100    .bss.hi2c1          i2c.o
    0x24014368        -       0x0000004c   Zero   RW          119    .bss.htim2          tim.o
    0x240143b4        -       0x0000004c   Zero   RW          120    .bss.htim3          tim.o
    0x24014400        -       0x0000004c   Zero   RW          121    .bss.htim7          tim.o
    0x2401444c        -       0x00000094   Zero   RW          138    .bss.huart1         usart.o
    0x240144e0        -       0x00000094   Zero   RW          139    .bss.huart3         usart.o
    0x24014574   0x0801506c   0x00000004   PAD
    0x24014578        -       0x00008000   Zero   RW           43    .bss.main.rect_fft  main.o
    0x2401c578        -       0x00000004   Zero   RW          939    .bss.uwTick         stm32h7xx_hal.o
    0x2401c57c        -       0x00004000   Zero   RW           40    .bss.windowed_buf   main.o
    0x2402057c        -       0x00004000   Zero   RW           33    .bss.windowing      main.o
    0x2402457c   0x0801506c   0x00000004   PAD
    0x24024580        -       0x00001000   Zero   RW            1    STACK               startup_stm32h750xx.o


    Execution Region RW_IRAM3 (Exec base: 0x30000000, Load base: 0x08015070, Size: 0x00000000, Max: 0x00048000, ABSOLUTE)

    **** No section assigned to this execution region ****


    Execution Region RW_IRAM4 (Exec base: 0x38000000, Load base: 0x08015070, Size: 0x00000000, Max: 0x00010000, ABSOLUTE)

    **** No section assigned to this execution region ****


==============================================================================

Image component sizes


      Code (inc. data)   RO Data    RW Data    ZI Data      Debug   Object Name

       416          0          0          0        220      12646   adc.o
         0          0      40848          0          0      10605   commontables.o
        48          0          0          0          0      25119   complexmathfunctions.o
       100          0          0          0          0       5491   dma.o
       192          0          0          0          0       6308   gpio.o
       240          0          0          0         84       8348   i2c.o
      5814         64          0         28     147591      27119   main.o
        44         12        664          0       4096        836   startup_stm32h750xx.o
       268          0          0          8          4      15023   stm32h7xx_hal.o
      4018         12          0          0          0      28136   stm32h7xx_hal_adc.o
       186          0          0          0          0      29505   stm32h7xx_hal_adc_ex.o
       354          0          0          0          0      12499   stm32h7xx_hal_cortex.o
      7738         54          0          0          0      18273   stm32h7xx_hal_dma.o
       448          0          0          0          0       6993   stm32h7xx_hal_gpio.o
       174          0          0          0          0      62637   stm32h7xx_hal_i2c.o
       146          0          0          0          0       7567   stm32h7xx_hal_i2c_ex.o
        32          0          0          0          0       2214   stm32h7xx_hal_msp.o
        76          0          0          0          0      10610   stm32h7xx_hal_pwr_ex.o
      2552         16          0          0          0      11707   stm32h7xx_hal_rcc.o
      5344        236          0          0          0      20078   stm32h7xx_hal_rcc_ex.o
      2882          6          0          0          0      65441   stm32h7xx_hal_tim.o
       212          0          0          0          0      24977   stm32h7xx_hal_tim_ex.o
      5050        332         36          0          0      43570   stm32h7xx_hal_uart.o
       348          0         16          0          0      11547   stm32h7xx_hal_uart_ex.o
       136          0          0          0          0       9365   stm32h7xx_it.o
       282          0         16          8          0       6216   system_stm32h7xx.o
       534          0          0          0        228      11004   tim.o
      3718          8          0          0          0     216740   transformfunctions.o
       760          0          0          0        656      12297   usart.o
       352          0          0          0         12       2156   valuepack.o

    ----------------------------------------------------------------------
     42960        764      41612         44     152908     725027   Object Totals
         0          0         32          0          0          0   (incl. Generated)
       496         24          0          0         17          0   (incl. Padding)

    ----------------------------------------------------------------------

      Code (inc. data)   RO Data    RW Data    ZI Data      Debug   Library Member Name

       336         56          0          0          0        136   cosf.o
        22          6          0          0          0        232   funder.o
       340         24         32          0          0        160   rredf.o
         0          0          0          0          0          0   entry.o
         0          0          0          0          0          0   entry10a.o
         0          0          0          0          0          0   entry11a.o
         8          4          0          0          0          0   entry2.o
         4          0          0          0          0          0   entry5.o
         0          0          0          0          0          0   entry7b.o
         0          0          0          0          0          0   entry8b.o
         8          4          0          0          0          0   entry9a.o
        12          6          0          4          0         68   errno.o
        30          0          0          0          0          0   handlers.o
        48         10          0          0          0         68   init.o
         0          0          0          0          0          0   iusefp.o
        30          0          0          0          0         68   llshl.o
        32          0          0          0          0         68   llushr.o
        36          0          0          0          0         68   memcpya.o
        36          0          0          0          0        108   memseta.o
       372         14          0          0          0        184   printf1.o
         0          0          0          4          0          0   stdout.o
        44          0          0          0          0         80   uidiv.o
        98          0          0          0          0         92   uldiv.o

    ----------------------------------------------------------------------
      1464        128         32          8          0       1332   Library Totals
         8          4          0          0          0          0   (incl. Padding)

    ----------------------------------------------------------------------

      Code (inc. data)   RO Data    RW Data    ZI Data      Debug   Library Name

       698         86         32          0          0        528   m_wv.l
       758         38          0          8          0        804   mc_w.l

    ----------------------------------------------------------------------
      1464        128         32          8          0       1332   Library Totals

    ----------------------------------------------------------------------

==============================================================================


      Code (inc. data)   RO Data    RW Data    ZI Data      Debug   

     44424        892      41644         52     152908     725411   Grand Totals
     44424        892      41644         52     152908     725411   ELF Image Totals
     44424        892      41644         52          0          0   ROM Totals

==============================================================================

    Total RO  Size (Code + RO Data)                86068 (  84.05kB)
    Total RW  Size (RW Data + ZI Data)            152960 ( 149.38kB)
    Total ROM Size (Code + RO Data + RW Data)      86120 (  84.10kB)

==============================================================================

